Component: ARM Compiler 5.06 update 6 (build 750) Tool: armlink [4d35ed]

==============================================================================

Section Cross References

    main.o(i.MX_GPIO_Init) refers to stm32f4xx_hal_gpio.o(i.HAL_GPIO_WritePin) for HAL_GPIO_WritePin
    main.o(i.MX_GPIO_Init) refers to stm32f4xx_hal_gpio.o(i.HAL_GPIO_Init) for HAL_GPIO_Init
    main.o(i.MX_I2C1_Init) refers to stm32f4xx_hal_i2c.o(i.HAL_I2C_Init) for HAL_I2C_Init
    main.o(i.MX_I2C1_Init) refers to main.o(i._Error_Handler) for _Error_Handler
    main.o(i.MX_I2C1_Init) refers to main.o(.bss) for hi2c1
    main.o(i.MX_USART2_UART_Init) refers to stm32f4xx_hal_uart.o(i.HAL_UART_Init) for HAL_UART_Init
    main.o(i.MX_USART2_UART_Init) refers to main.o(i._Error_Handler) for _Error_Handler
    main.o(i.MX_USART2_UART_Init) refers to main.o(.bss) for huart2
    main.o(i.MX_USART3_UART_Init) refers to stm32f4xx_hal_uart.o(i.HAL_UART_Init) for HAL_UART_Init
    main.o(i.MX_USART3_UART_Init) refers to main.o(i._Error_Handler) for _Error_Handler
    main.o(i.MX_USART3_UART_Init) refers to main.o(.bss) for huart3
    main.o(i.SystemClock_Config) refers to stm32f4xx_hal_rcc_ex.o(i.HAL_RCC_OscConfig) for HAL_RCC_OscConfig
    main.o(i.SystemClock_Config) refers to main.o(i._Error_Handler) for _Error_Handler
    main.o(i.SystemClock_Config) refers to stm32f4xx_hal_rcc.o(i.HAL_RCC_ClockConfig) for HAL_RCC_ClockConfig
    main.o(i.SystemClock_Config) refers to stm32f4xx_hal_rcc.o(i.HAL_RCC_GetHCLKFreq) for HAL_RCC_GetHCLKFreq
    main.o(i.SystemClock_Config) refers to stm32f4xx_hal_cortex.o(i.HAL_SYSTICK_Config) for HAL_SYSTICK_Config
    main.o(i.SystemClock_Config) refers to stm32f4xx_hal_cortex.o(i.HAL_SYSTICK_CLKSourceConfig) for HAL_SYSTICK_CLKSourceConfig
    main.o(i.SystemClock_Config) refers to stm32f4xx_hal_cortex.o(i.HAL_NVIC_SetPriority) for HAL_NVIC_SetPriority
    main.o(i.main) refers to stm32f4xx_hal.o(i.HAL_Init) for HAL_Init
    main.o(i.main) refers to main.o(i.SystemClock_Config) for SystemClock_Config
    main.o(i.main) refers to main.o(i.MX_GPIO_Init) for MX_GPIO_Init
    main.o(i.main) refers to main.o(i.MX_I2C1_Init) for MX_I2C1_Init
    main.o(i.main) refers to main.o(i.MX_USART3_UART_Init) for MX_USART3_UART_Init
    main.o(i.main) refers to tmp_102.o(i.tmp102_init) for tmp102_init
    main.o(i.main) refers to tmp_102.o(i.tmp102_temperature_read) for tmp102_temperature_read
    main.o(i.main) refers to my_printf.o(i.my_printf) for my_printf
    main.o(i.main) refers to stm32f4xx_hal.o(i.HAL_Delay) for HAL_Delay
    main.o(i.main) refers to main.o(.bss) for hi2c1
    main.o(i.main) refers to main.o(.data) for temper_res
    stm32f4xx_hal_msp.o(i.HAL_I2C1_MspDeInit) refers to stm32f4xx_hal_gpio.o(i.HAL_GPIO_DeInit) for HAL_GPIO_DeInit
    stm32f4xx_hal_msp.o(i.HAL_I2C_MspInit) refers to stm32f4xx_hal_gpio.o(i.HAL_GPIO_Init) for HAL_GPIO_Init
    stm32f4xx_hal_msp.o(i.HAL_MspInit) refers to stm32f4xx_hal_cortex.o(i.HAL_NVIC_SetPriorityGrouping) for HAL_NVIC_SetPriorityGrouping
    stm32f4xx_hal_msp.o(i.HAL_MspInit) refers to stm32f4xx_hal_cortex.o(i.HAL_NVIC_SetPriority) for HAL_NVIC_SetPriority
    stm32f4xx_hal_msp.o(i.HAL_UART_MspDeInit) refers to stm32f4xx_hal_gpio.o(i.HAL_GPIO_DeInit) for HAL_GPIO_DeInit
    stm32f4xx_hal_msp.o(i.HAL_UART_MspInit) refers to stm32f4xx_hal_gpio.o(i.HAL_GPIO_Init) for HAL_GPIO_Init
    stm32f4xx_it.o(i.SysTick_Handler) refers to stm32f4xx_hal.o(i.HAL_IncTick) for HAL_IncTick
    stm32f4xx_it.o(i.SysTick_Handler) refers to stm32f4xx_hal_cortex.o(i.HAL_SYSTICK_IRQHandler) for HAL_SYSTICK_IRQHandler
    tmp_102.o(i.get_thigh_val) refers to tmp_102.o(i.tmp102_read) for tmp102_read
    tmp_102.o(i.get_thigh_val) refers to dflt_clz.o(x$fpl$dflt) for __aeabi_i2d
    tmp_102.o(i.get_thigh_val) refers to dfixu.o(x$fpl$dfixu) for __aeabi_d2uiz
    tmp_102.o(i.get_thigh_val) refers to tmp_102.o(i.twoComlementFunc) for twoComlementFunc
    tmp_102.o(i.get_thigh_val) refers to dflt_clz.o(x$fpl$dfltu) for __aeabi_ui2d
    tmp_102.o(i.get_thigh_val) refers to dmul.o(x$fpl$dmul) for __aeabi_dmul
    tmp_102.o(i.get_tlow_val) refers to tmp_102.o(i.tmp102_read) for tmp102_read
    tmp_102.o(i.get_tlow_val) refers to dflt_clz.o(x$fpl$dflt) for __aeabi_i2d
    tmp_102.o(i.get_tlow_val) refers to dfixu.o(x$fpl$dfixu) for __aeabi_d2uiz
    tmp_102.o(i.get_tlow_val) refers to tmp_102.o(i.twoComlementFunc) for twoComlementFunc
    tmp_102.o(i.get_tlow_val) refers to dflt_clz.o(x$fpl$dfltu) for __aeabi_ui2d
    tmp_102.o(i.get_tlow_val) refers to dmul.o(x$fpl$dmul) for __aeabi_dmul
    tmp_102.o(i.tmp102_get_alert_status) refers to tmp_102.o(i.tmp102_read) for tmp102_read
    tmp_102.o(i.tmp102_get_oneshot_mode_status) refers to tmp_102.o(i.tmp102_read) for tmp102_read
    tmp_102.o(i.tmp102_init) refers to stm32f4xx_hal.o(i.HAL_Delay) for HAL_Delay
    tmp_102.o(i.tmp102_init) refers to tmp_102.o(i.tmp102_read) for tmp102_read
[...]
    .ARM.Collect$$rtentry$$00000009          0x080002f6   Section        0  __rtentry2.o(.ARM.Collect$$rtentry$$00000009)
    .ARM.Collect$$rtentry$$0000000A          0x080002f6   Section        4  __rtentry2.o(.ARM.Collect$$rtentry$$0000000A)
    .ARM.Collect$$rtentry$$0000000C          0x080002fa   Section        0  __rtentry2.o(.ARM.Collect$$rtentry$$0000000C)
    .ARM.Collect$$rtentry$$0000000D          0x080002fa   Section        8  __rtentry2.o(.ARM.Collect$$rtentry$$0000000D)
    .ARM.Collect$$rtexit$$00000000           0x08000302   Section        2  rtexit.o(.ARM.Collect$$rtexit$$00000000)
    .ARM.Collect$$rtexit$$00000002           0x08000304   Section        0  rtexit2.o(.ARM.Collect$$rtexit$$00000002)
    .ARM.Collect$$rtexit$$00000003           0x08000304   Section        4  rtexit2.o(.ARM.Collect$$rtexit$$00000003)
    .ARM.Collect$$rtexit$$00000004           0x08000308   Section        6  rtexit2.o(.ARM.Collect$$rtexit$$00000004)
    .text                                    0x08000310   Section       64  startup_stm32f446xx.o(.text)
    $v0                                      0x08000310   Number         0  startup_stm32f446xx.o(.text)
    .text                                    0x08000350   Section      238  lludivv7m.o(.text)
    .text                                    0x08000440   Section        0  vsprintf.o(.text)
    .text                                    0x08000464   Section        0  strlen.o(.text)
    .text                                    0x080004a2   Section        0  heapauxi.o(.text)
    .text                                    0x080004a8   Section        0  _printf_pad.o(.text)
    .text                                    0x080004f6   Section        0  _printf_truncate.o(.text)
    .text                                    0x0800051a   Section        0  _printf_str.o(.text)
    .text                                    0x0800056c   Section        0  _printf_dec.o(.text)
    .text                                    0x080005e4   Section        0  _printf_charcount.o(.text)
    .text                                    0x0800060c   Section        0  _printf_char_common.o(.text)
    _printf_input_char                       0x0800060d   Thumb Code    10  _printf_char_common.o(.text)
    .text                                    0x0800063c   Section        0  _sputc.o(.text)
    .text                                    0x08000648   Section        0  _printf_wctomb.o(.text)
    .text                                    0x08000704   Section        0  _printf_longlong_dec.o(.text)
    .text                                    0x08000780   Section        0  _printf_oct_int_ll.o(.text)
    _printf_longlong_oct_internal            0x08000781   Thumb Code     0  _printf_oct_int_ll.o(.text)
    .text                                    0x080007f0   Section        0  _printf_hex_int_ll_ptr.o(.text)
    _printf_hex_common                       0x080007f1   Thumb Code     0  _printf_hex_int_ll_ptr.o(.text)
    .text                                    0x08000884   Section        0  __printf_flags_ss_wp.o(.text)
    .text                                    0x08000a0c   Section      138  lludiv10.o(.text)
    .text                                    0x08000a96   Section        0  _printf_intcommon.o(.text)
    .text                                    0x08000b48   Section        0  _printf_fp_dec.o(.text)
    _fp_digits                               0x08000b4b   Thumb Code   432  _printf_fp_dec.o(.text)
    .text                                    0x08000f68   Section        0  _printf_fp_hex.o(.text)
    .text                                    0x08001264   Section        0  _printf_char.o(.text)
    .text                                    0x08001290   Section        0  _printf_wchar.o(.text)
    .text                                    0x080012bc   Section        0  _wcrtomb.o(.text)
    .text                                    0x080012fc   Section       74  sys_stackheap_outer.o(.text)
    .text                                    0x08001348   Section       16  rt_ctype_table.o(.text)
    .text                                    0x08001358   Section        8  rt_locale_intlibspace.o(.text)
    .text                                    0x08001360   Section        0  _printf_fp_infnan.o(.text)
    .text                                    0x080013e0   Section        0  bigflt0.o(.text)
    .text                                    0x080014c4   Section        0  exit.o(.text)
    .text                                    0x080014d8   Section        8  libspace.o(.text)
    .text                                    0x080014e0   Section      128  strcmpv7m.o(.text)
    .text                                    0x08001560   Section        0  sys_exit.o(.text)
    .text                                    0x0800156c   Section        2  use_no_semi.o(.text)
    .text                                    0x0800156e   Section        0  indicate_semi.o(.text)
    CL$$btod_d2e                             0x0800156e   Section       62  btod.o(CL$$btod_d2e)
    CL$$btod_d2e_denorm_low                  0x080015ac   Section       70  btod.o(CL$$btod_d2e_denorm_low)
    CL$$btod_d2e_norm_op1                    0x080015f2   Section       96  btod.o(CL$$btod_d2e_norm_op1)
    CL$$btod_div_common                      0x08001652   Section      824  btod.o(CL$$btod_div_common)
    CL$$btod_e2e                             0x0800198a   Section      220  btod.o(CL$$btod_e2e)
    CL$$btod_ediv                            0x08001a66   Section       42  btod.o(CL$$btod_ediv)
    CL$$btod_emul                            0x08001a90   Section       42  btod.o(CL$$btod_emul)
    CL$$btod_mult_common                     0x08001aba   Section      580  btod.o(CL$$btod_mult_common)
    i.HAL_Delay                              0x08001d00   Section        0  stm32f4xx_hal.o(i.HAL_Delay)
    i.HAL_GPIO_Init                          0x08001d28   Section        0  stm32f4xx_hal_gpio.o(i.HAL_GPIO_Init)
    i.HAL_GPIO_WritePin                      0x08001f18   Section        0  stm32f4xx_hal_gpio.o(i.HAL_GPIO_WritePin)
    i.HAL_GetTick                            0x08001f24   Section        0  stm32f4xx_hal.o(i.HAL_GetTick)
    i.HAL_I2C_Init                           0x08001f30   Section        0  stm32f4xx_hal_i2c.o(i.HAL_I2C_Init)
    i.HAL_I2C_Master_Transmit                0x08002058   Section        0  stm32f4xx_hal_i2c.o(i.HAL_I2C_Master_Transmit)
    i.HAL_I2C_Mem_Read                       0x080021ec   Section        0  stm32f4xx_hal_i2c.o(i.HAL_I2C_Mem_Read)
    i.HAL_I2C_MspInit                        0x08002514   Section        0  stm32f4xx_hal_msp.o(i.HAL_I2C_MspInit)
    i.HAL_IncTick                            0x08002570   Section        0  stm32f4xx_hal.o(i.HAL_IncTick)
    i.HAL_Init                               0x08002588   Section        0  stm32f4xx_hal.o(i.HAL_Init)
    i.HAL_InitTick                           0x080025c4   Section        0  stm32f4xx_hal.o(i.HAL_InitTick)
    i.HAL_MspInit                            0x08002610   Section        0  stm32f4xx_hal_msp.o(i.HAL_MspInit)
    i.HAL_NVIC_SetPriority                   0x08002666   Section        0  stm32f4xx_hal_cortex.o(i.HAL_NVIC_SetPriority)
    i.HAL_NVIC_SetPriorityGrouping           0x080026e4   Section        0  stm32f4xx_hal_cortex.o(i.HAL_NVIC_SetPriorityGrouping)
    i.HAL_RCC_ClockConfig                    0x0800270c   Section        0  stm32f4xx_hal_rcc.o(i.HAL_RCC_ClockConfig)
    i.HAL_RCC_GetHCLKFreq                    0x0800288c   Section        0  stm32f4xx_hal_rcc.o(i.HAL_RCC_GetHCLKFreq)
    i.HAL_RCC_GetPCLK1Freq                   0x08002898   Section        0  stm32f4xx_hal_rcc.o(i.HAL_RCC_GetPCLK1Freq)
    i.HAL_RCC_GetPCLK2Freq                   0x080028b8   Section        0  stm32f4xx_hal_rcc.o(i.HAL_RCC_GetPCLK2Freq)
    i.HAL_RCC_GetSysClockFreq                0x080028d8   Section        0  stm32f4xx_hal_rcc_ex.o(i.HAL_RCC_GetSysClockFreq)
    i.HAL_RCC_OscConfig                      0x080029f0   Section        0  stm32f4xx_hal_rcc_ex.o(i.HAL_RCC_OscConfig)
    i.HAL_SYSTICK_CLKSourceConfig            0x08002e70   Section        0  stm32f4xx_hal_cortex.o(i.HAL_SYSTICK_CLKSourceConfig)
    i.HAL_SYSTICK_Callback                   0x08002e98   Section        0  stm32f4xx_hal_cortex.o(i.HAL_SYSTICK_Callback)
    i.HAL_SYSTICK_Config                     0x08002e9a   Section        0  stm32f4xx_hal_cortex.o(i.HAL_SYSTICK_Config)
    i.HAL_SYSTICK_IRQHandler                 0x08002ece   Section        0  stm32f4xx_hal_cortex.o(i.HAL_SYSTICK_IRQHandler)
    i.HAL_UART_Init                          0x08002ed6   Section        0  stm32f4xx_hal_uart.o(i.HAL_UART_Init)
    i.HAL_UART_MspInit                       0x08002f48   Section        0  stm32f4xx_hal_msp.o(i.HAL_UART_MspInit)
    i.HAL_UART_Transmit                      0x08002ff0   Section        0  stm32f4xx_hal_uart.o(i.HAL_UART_Transmit)
    i.I2C_IsAcknowledgeFailed                0x080030c6   Section        0  stm32f4xx_hal_i2c.o(i.I2C_IsAcknowledgeFailed)
    I2C_IsAcknowledgeFailed                  0x080030c7   Thumb Code    52  stm32f4xx_hal_i2c.o(i.I2C_IsAcknowledgeFailed)
    i.I2C_MasterRequestWrite                 0x080030fc   Section        0  stm32f4xx_hal_i2c.o(i.I2C_MasterRequestWrite)
    I2C_MasterRequestWrite                   0x080030fd   Thumb Code   186  stm32f4xx_hal_i2c.o(i.I2C_MasterRequestWrite)
    i.I2C_RequestMemoryRead                  0x080031bc   Section        0  stm32f4xx_hal_i2c.o(i.I2C_RequestMemoryRead)
    I2C_RequestMemoryRead                    0x080031bd   Thumb Code   340  stm32f4xx_hal_i2c.o(i.I2C_RequestMemoryRead)
    i.I2C_WaitOnBTFFlagUntilTimeout          0x08003314   Section        0  stm32f4xx_hal_i2c.o(i.I2C_WaitOnBTFFlagUntilTimeout)
    I2C_WaitOnBTFFlagUntilTimeout            0x08003315   Thumb Code    86  stm32f4xx_hal_i2c.o(i.I2C_WaitOnBTFFlagUntilTimeout)
    i.I2C_WaitOnFlagUntilTimeout             0x0800336a   Section        0  stm32f4xx_hal_i2c.o(i.I2C_WaitOnFlagUntilTimeout)
    I2C_WaitOnFlagUntilTimeout               0x0800336b   Thumb Code   124  stm32f4xx_hal_i2c.o(i.I2C_WaitOnFlagUntilTimeout)
    i.I2C_WaitOnMasterAddressFlagUntilTimeout 0x080033e6   Section        0  stm32f4xx_hal_i2c.o(i.I2C_WaitOnMasterAddressFlagUntilTimeout)
    I2C_WaitOnMasterAddressFlagUntilTimeout  0x080033e7   Thumb Code   172  stm32f4xx_hal_i2c.o(i.I2C_WaitOnMasterAddressFlagUntilTimeout)
    i.I2C_WaitOnRXNEFlagUntilTimeout         0x08003492   Section        0  stm32f4xx_hal_i2c.o(i.I2C_WaitOnRXNEFlagUntilTimeout)
    I2C_WaitOnRXNEFlagUntilTimeout           0x08003493   Thumb Code   110  stm32f4xx_hal_i2c.o(i.I2C_WaitOnRXNEFlagUntilTimeout)
    i.I2C_WaitOnTXEFlagUntilTimeout          0x08003500   Section        0  stm32f4xx_hal_i2c.o(i.I2C_WaitOnTXEFlagUntilTimeout)
    I2C_WaitOnTXEFlagUntilTimeout            0x08003501   Thumb Code    86  stm32f4xx_hal_i2c.o(i.I2C_WaitOnTXEFlagUntilTimeout)
    i.MX_GPIO_Init                           0x08003558   Section        0  main.o(i.MX_GPIO_Init)
    MX_GPIO_Init                             0x08003559   Thumb Code   184  main.o(i.MX_GPIO_Init)
    i.MX_I2C1_Init                           0x08003620   Section        0  main.o(i.MX_I2C1_Init)
    MX_I2C1_Init                             0x08003621   Thumb Code    52  main.o(i.MX_I2C1_Init)
    i.MX_USART3_UART_Init                    0x08003668   Section        0  main.o(i.MX_USART3_UART_Init)
    MX_USART3_UART_Init                      0x08003669   Thumb Code    50  main.o(i.MX_USART3_UART_Init)
    i.SysTick_Handler                        0x080036ac   Section        0  stm32f4xx_it.o(i.SysTick_Handler)
    i.SystemClock_Config                     0x080036b8   Section        0  main.o(i.SystemClock_Config)
    i.SystemInit                             0x08003790   Section        0  system_stm32f4xx.o(i.SystemInit)
    i.UART_SetConfig                         0x080037f4   Section        0  stm32f4xx_hal_uart.o(i.UART_SetConfig)
    UART_SetConfig                           0x080037f5   Thumb Code   864  stm32f4xx_hal_uart.o(i.UART_SetConfig)
    i.UART_WaitOnFlagUntilTimeout            0x08003b5c   Section        0  stm32f4xx_hal_uart.o(i.UART_WaitOnFlagUntilTimeout)
    UART_WaitOnFlagUntilTimeout              0x08003b5d   Thumb Code   108  stm32f4xx_hal_uart.o(i.UART_WaitOnFlagUntilTimeout)
    i._Error_Handler                         0x08003bc8   Section        0  main.o(i._Error_Handler)
    i.__ARM_fpclassify                       0x08003bcc   Section        0  fpclassify.o(i.__ARM_fpclassify)
    i.__NVIC_GetPriorityGrouping             0x08003bfc   Section        0  stm32f4xx_hal_cortex.o(i.__NVIC_GetPriorityGrouping)
    __NVIC_GetPriorityGrouping               0x08003bfd   Thumb Code    10  stm32f4xx_hal_cortex.o(i.__NVIC_GetPriorityGrouping)
    i.__NVIC_SetPriority                     0x08003c0c   Section        0  stm32f4xx_hal_cortex.o(i.__NVIC_SetPriority)
    __NVIC_SetPriority                       0x08003c0d   Thumb Code    32  stm32f4xx_hal_cortex.o(i.__NVIC_SetPriority)
    i._is_digit                              0x08003c34   Section        0  __printf_wp.o(i._is_digit)
    i.main                                   0x08003c44   Section        0  main.o(i.main)
    i.my_printf                              0x08003c9c   Section        0  my_printf.o(i.my_printf)
    i.tmp102_conf_consecutive_fault_count    0x08003cba   Section        0  tmp_102.o(i.tmp102_conf_consecutive_fault_count)
    i.tmp102_conf_conversion_rate            0x08003cc6   Section        0  tmp_102.o(i.tmp102_conf_conversion_rate)
    i.tmp102_conf_converter_resolution       0x08003cd4   Section        0  tmp_102.o(i.tmp102_conf_converter_resolution)
    i.tmp102_conf_extended_mode              0x08003ce2   Section        0  tmp_102.o(i.tmp102_conf_extended_mode)
    i.tmp102_conf_os_mode                    0x08003cf8   Section        0  tmp_102.o(i.tmp102_conf_os_mode)
    i.tmp102_conf_polarity_mode              0x08003d0e   Section        0  tmp_102.o(i.tmp102_conf_polarity_mode)
    i.tmp102_conf_shutdown_mode              0x08003d28   Section        0  tmp_102.o(i.tmp102_conf_shutdown_mode)
    i.tmp102_conf_thermostat_mode            0x08003d40   Section        0  tmp_102.o(i.tmp102_conf_thermostat_mode)
    i.tmp102_init                            0x08003d5a   Section        0  tmp_102.o(i.tmp102_init)
    i.tmp102_read                            0x08003dd4   Section        0  tmp_102.o(i.tmp102_read)
    i.tmp102_temperature_read                0x08003df4   Section        0  tmp_102.o(i.tmp102_temperature_read)
    i.tmp102_tlow_and_thigh_set              0x08003eb0   Section        0  tmp_102.o(i.tmp102_tlow_and_thigh_set)
    i.tmp102_write                           0x08003f16   Section        0  tmp_102.o(i.tmp102_write)
    i.twoComlementFunc                       0x08003f40   Section        0  tmp_102.o(i.twoComlementFunc)
    i.vprint                                 0x08003f88   Section        0  my_printf.o(i.vprint)
    locale$$code                             0x08003fb8   Section       44  lc_numeric_c.o(locale$$code)
    locale$$code                             0x08003fe4   Section       44  lc_ctype_c.o(locale$$code)
    x$fpl$dfixu                              0x08004010   Section       90  dfixu.o(x$fpl$dfixu)
    $v0                                      0x08004010   Number         0  dfixu.o(x$fpl$dfixu)
    x$fpl$dflt                               0x0800406a   Section       46  dflt_clz.o(x$fpl$dflt)
    $v0                                      0x0800406a   Number         0  dflt_clz.o(x$fpl$dflt)
    x$fpl$dfltu                              0x08004098   Section       38  dflt_clz.o(x$fpl$dfltu)
    $v0                                      0x08004098   Number         0  dflt_clz.o(x$fpl$dfltu)
    x$fpl$dmul                               0x080040c0   Section      340  dmul.o(x$fpl$dmul)
    $v0                                      0x080040c0   Number         0  dmul.o(x$fpl$dmul)
    x$fpl$dnaninf                            0x08004214   Section      156  dnaninf.o(x$fpl$dnaninf)
    $v0                                      0x08004214   Number         0  dnaninf.o(x$fpl$dnaninf)
    x$fpl$dretinf                            0x080042b0   Section       12  dretinf.o(x$fpl$dretinf)
    $v0                                      0x080042b0   Number         0  dretinf.o(x$fpl$dretinf)
    x$fpl$fpinit                             0x080042bc   Section       10  fpinit.o(x$fpl$fpinit)
    $v0                                      0x080042bc   Number         0  fpinit.o(x$fpl$fpinit)
    x$fpl$printf1                            0x080042c6   Section        4  printf1.o(x$fpl$printf1)
    $v0                                      0x080042c6   Number         0  printf1.o(x$fpl$printf1)
    x$fpl$printf2                            0x080042ca   Section        4  printf2.o(x$fpl$printf2)
    $v0                                      0x080042ca   Number         0  printf2.o(x$fpl$printf2)
    .constdata                               0x080042ce   Section       24  system_stm32f4xx.o(.constdata)
    x$fpl$usenofp                            0x080042ce   Section        0  usenofp.o(x$fpl$usenofp)
    .constdata                               0x080042e8   Section        8  _printf_wctomb.o(.constdata)
    initial_mbstate                          0x080042e8   Data           8  _printf_wctomb.o(.constdata)
    .constdata                               0x080042f0   Section       40  _printf_hex_int_ll_ptr.o(.constdata)
    uc_hextab                                0x080042f0   Data          20  _printf_hex_int_ll_ptr.o(.constdata)
    lc_hextab                                0x08004304   Data          20  _printf_hex_int_ll_ptr.o(.constdata)
    .constdata                               0x08004318   Section       17  __printf_flags_ss_wp.o(.constdata)
    maptable                                 0x08004318   Data          17  __printf_flags_ss_wp.o(.constdata)
    .constdata                               0x08004329   Section       38  _printf_fp_hex.o(.constdata)
    lc_hextab                                0x08004329   Data          19  _printf_fp_hex.o(.constdata)
    uc_hextab                                0x0800433c   Data          19  _printf_fp_hex.o(.constdata)
    .constdata                               0x08004350   Section      148  bigflt0.o(.constdata)
    tenpwrs_x                                0x08004350   Data          60  bigflt0.o(.constdata)
    tenpwrs_i                                0x0800438c   Data          64  bigflt0.o(.constdata)
    locale$$data                             0x08004404   Section       28  lc_numeric_c.o(locale$$data)
    __lcnum_c_name                           0x08004408   Data           2  lc_numeric_c.o(locale$$data)
    __lcnum_c_start                          0x08004410   Data           0  lc_numeric_c.o(locale$$data)
    __lcnum_c_point                          0x0800441c   Data           0  lc_numeric_c.o(locale$$data)
    __lcnum_c_thousands                      0x0800441e   Data           0  lc_numeric_c.o(locale$$data)
    __lcnum_c_grouping                       0x0800441f   Data           0  lc_numeric_c.o(locale$$data)
    locale$$data                             0x08004420   Section      272  lc_ctype_c.o(locale$$data)
    __lcnum_c_end                            0x08004420   Data           0  lc_numeric_c.o(locale$$data)
    __lcctype_c_name                         0x08004424   Data           2  lc_ctype_c.o(locale$$data)
    __lcctype_c_start                        0x0800442c   Data           0  lc_ctype_c.o(locale$$data)
    __lcctype_c_end                          0x08004530   Data           0  lc_ctype_c.o(locale$$data)
    .data                                    0x20000000   Section       16  main.o(.data)
    .data                                    0x20000010   Section        9  stm32f4xx_hal.o(.data)
    .data                                    0x2000001c   Section        4  system_stm32f4xx.o(.data)
    .bss                                     0x20000020   Section      212  main.o(.bss)
    .bss                                     0x200000f4   Section       96  libspace.o(.bss)
    HEAP                                     0x20000158   Section      512  startup_stm32f446xx.o(HEAP)
    Heap_Mem                                 0x20000158   Data         512  startup_stm32f446xx.o(HEAP)
    STACK                                    0x20000358   Section     1024  startup_stm32f446xx.o(STACK)
    Stack_Mem                                0x20000358   Data        1024  startup_stm32f446xx.o(STACK)
    __initial_sp                             0x20000758   Data           0  startup_stm32f446xx.o(STACK)

    Global Symbols

    Symbol Name                              Value     Ov Type        Size  Object(Section)

    BuildAttributes$$THM_ISAv4$E$P$D$K$B$S$7EM$VFPi3$EXTD16$VFPS$VFMA$PE$A:L22UL41UL21$X:L11$S22US41US21$IEEE1$IW$USESV6$~STKCKD$USESV7$~SHL$OTIME$ROPI$IEEEJ$EBA8$UX$STANDARDLIB$REQ8$PRES8$EABIv2 0x00000000   Number         0  anon$$obj.o ABSOLUTE
    __ARM_use_no_argv                        0x00000000   Number         0  main.o ABSOLUTE
    _printf_flags                            0x00000000   Number         0  printf_stubs.o ABSOLUTE
    _printf_return_value                     0x00000000   Number         0  printf_stubs.o ABSOLUTE
    _printf_sizespec                         0x00000000   Number         0  printf_stubs.o ABSOLUTE
    _printf_widthprec                        0x00000000   Number         0  printf_stubs.o ABSOLUTE
    __ARM_exceptions_init                     - Undefined Weak Reference
    __alloca_initialize                       - Undefined Weak Reference
    __arm_preinit_                            - Undefined Weak Reference
    __cpp_initialize__aeabi_                  - Undefined Weak Reference
    __cxa_finalize                            - Undefined Weak Reference
    __sigvec_lookup                           - Undefined Weak Reference
    _atexit_init                              - Undefined Weak Reference
    _call_atexit_fns                          - Undefined Weak Reference
    _clock_init                               - Undefined Weak Reference
    _fp_trap_init                             - Undefined Weak Reference
    _fp_trap_shutdown                         - Undefined Weak Reference
    _get_lc_collate                           - Undefined Weak Reference
    _get_lc_monetary                          - Undefined Weak Reference
    _get_lc_time                              - Undefined Weak Reference
    _getenv_init                              - Undefined Weak Reference
    _handle_redirection                       - Undefined Weak Reference
    _init_alloc                               - Undefined Weak Reference
    _init_user_alloc                          - Undefined Weak Reference
    _initio                                   - Undefined Weak Reference
    _printf_mbtowc                            - Undefined Weak Reference
    _printf_wc                                - Undefined Weak Reference
    _rand_init                                - Undefined Weak Reference
    _signal_finish                            - Undefined Weak Reference
    _signal_init                              - Undefined Weak Reference
    _terminate_alloc                          - Undefined Weak Reference
    _terminate_user_alloc                     - Undefined Weak Reference
    _terminateio                              - Undefined Weak Reference
    __Vectors_Size                           0x000001c4   Number         0  startup_stm32f446xx.o ABSOLUTE
    __Vectors                                0x08000000   Data           4  startup_stm32f446xx.o(RESET)
    __Vectors_End                            0x080001c4   Data           0  startup_stm32f446xx.o(RESET)
    __main                                   0x080001c5   Thumb Code     8  __main.o(!!!main)
    __scatterload                            0x080001cd   Thumb Code     0  __scatter.o(!!!scatter)
    __scatterload_rt2                        0x080001cd   Thumb Code    44  __scatter.o(!!!scatter)
    __scatterload_rt2_thumb_only             0x080001cd   Thumb Code     0  __scatter.o(!!!scatter)
    __scatterload_null                       0x080001db   Thumb Code     0  __scatter.o(!!!scatter)
    __scatterload_copy                       0x08000201   Thumb Code    26  __scatter_copy.o(!!handler_copy)
    __scatterload_zeroinit                   0x0800021d   Thumb Code    28  __scatter_zi.o(!!handler_zi)
    _printf_n                                0x08000239   Thumb Code     0  _printf_n.o(.ARM.Collect$$_printf_percent$$00000001)
    _printf_percent                          0x08000239   Thumb Code     0  _printf_percent.o(.ARM.Collect$$_printf_percent$$00000000)
    _printf_p                                0x0800023f   Thumb Code     0  _printf_p.o(.ARM.Collect$$_printf_percent$$00000002)
    _printf_f                                0x08000245   Thumb Code     0  _printf_f.o(.ARM.Collect$$_printf_percent$$00000003)
    _printf_e                                0x0800024b   Thumb Code     0  _printf_e.o(.ARM.Collect$$_printf_percent$$00000004)
    _printf_g                                0x08000251   Thumb Code     0  _printf_g.o(.ARM.Collect$$_printf_percent$$00000005)
    _printf_a                                0x08000257   Thumb Code     0  _printf_a.o(.ARM.Collect$$_printf_percent$$00000006)
    _printf_ll                               0x0800025d   Thumb Code     0  _printf_ll.o(.ARM.Collect$$_printf_percent$$00000007)
    _printf_i                                0x08000267   Thumb Code     0  _printf_i.o(.ARM.Collect$$_printf_percent$$00000008)
    _printf_d                                0x0800026d   Thumb Code     0  _printf_d.o(.ARM.Collect$$_printf_percent$$00000009)
    _printf_u                                0x08000273   Thumb Code     0  _printf_u.o(.ARM.Collect$$_printf_percent$$0000000A)
    _printf_o                                0x08000279   Thumb Code     0  _printf_o.o(.ARM.Collect$$_printf_percent$$0000000B)
    _printf_x                                0x0800027f   Thumb Code     0  _printf_x.o(.ARM.Collect$$_printf_percent$$0000000C)
    _printf_lli                              0x08000285   Thumb Code     0  _printf_lli.o(.ARM.Collect$$_printf_percent$$0000000D)
    _printf_lld                              0x0800028b   Thumb Code     0  _printf_lld.o(.ARM.Collect$$_printf_percent$$0000000E)
    _printf_llu                              0x08000291   Thumb Code     0  _printf_llu.o(.ARM.Collect$$_printf_percent$$0000000F)
    _printf_llo                              0x08000297   Thumb Code     0  _printf_llo.o(.ARM.Collect$$_printf_percent$$00000010)
    _printf_llx                              0x0800029d   Thumb Code     0  _printf_llx.o(.ARM.Collect$$_printf_percent$$00000011)
    _printf_l                                0x080002a3   Thumb Code     0  _printf_l.o(.ARM.Collect$$_printf_percent$$00000012)
    _printf_c                                0x080002ad   Thumb Code     0  _printf_c.o(.ARM.Collect$$_printf_percent$$00000013)
    _printf_s                                0x080002b3   Thumb Code     0  _printf_s.o(.ARM.Collect$$_printf_percent$$00000014)
    _printf_lc                               0x080002b9   Thumb Code     0  _printf_lc.o(.ARM.Collect$$_printf_percent$$00000015)
    _printf_ls                               0x080002bf   Thumb Code     0  _printf_ls.o(.ARM.Collect$$_printf_percent$$00000016)
    _printf_percent_end                      0x080002c5   Thumb Code     0  _printf_percent_end.o(.ARM.Collect$$_printf_percent$$00000017)
    __rt_lib_init                            0x080002c9   Thumb Code     0  libinit.o(.ARM.Collect$$libinit$$00000000)
    __rt_lib_init_fp_1                       0x080002cb   Thumb Code     0  libinit2.o(.ARM.Collect$$libinit$$00000001)
    __rt_lib_init_heap_1                     0x080002cf   Thumb Code     0  libinit2.o(.ARM.Collect$$libinit$$0000000A)
    __rt_lib_init_lc_common                  0x080002cf   Thumb Code     0  libinit2.o(.ARM.Collect$$libinit$$0000000F)
    __rt_lib_init_preinit_1                  0x080002cf   Thumb Code     0  libinit2.o(.ARM.Collect$$libinit$$00000004)
    __rt_lib_init_rand_1                     0x080002cf   Thumb Code     0  libinit2.o(.ARM.Collect$$libinit$$0000000E)
    __rt_lib_init_user_alloc_1               0x080002cf   Thumb Code     0  libinit2.o(.ARM.Collect$$libinit$$0000000C)
    __rt_lib_init_lc_collate_1               0x080002d5   Thumb Code     0  libinit2.o(.ARM.Collect$$libinit$$00000011)
    __rt_lib_init_lc_ctype_2                 0x080002d5   Thumb Code     0  libinit2.o(.ARM.Collect$$libinit$$00000012)
    __rt_lib_init_lc_ctype_1                 0x080002e1   Thumb Code     0  libinit2.o(.ARM.Collect$$libinit$$00000013)
    __rt_lib_init_lc_monetary_1              0x080002e1   Thumb Code     0  libinit2.o(.ARM.Collect$$libinit$$00000015)
    __rt_lib_init_lc_numeric_2               0x080002e1   Thumb Code     0  libinit2.o(.ARM.Collect$$libinit$$00000016)
    __rt_lib_init_alloca_1                   0x080002eb   Thumb Code     0  libinit2.o(.ARM.Collect$$libinit$$0000002E)
    __rt_lib_init_argv_1                     0x080002eb   Thumb Code     0  libinit2.o(.ARM.Collect$$libinit$$0000002C)
    __rt_lib_init_atexit_1                   0x080002eb   Thumb Code     0  libinit2.o(.ARM.Collect$$libinit$$0000001B)
    __rt_lib_init_clock_1                    0x080002eb   Thumb Code     0  libinit2.o(.ARM.Collect$$libinit$$00000021)
    __rt_lib_init_cpp_1                      0x080002eb   Thumb Code     0  libinit2.o(.ARM.Collect$$libinit$$00000032)
    __rt_lib_init_exceptions_1               0x080002eb   Thumb Code     0  libinit2.o(.ARM.Collect$$libinit$$00000030)
    __rt_lib_init_fp_trap_1                  0x080002eb   Thumb Code     0  libinit2.o(.ARM.Collect$$libinit$$0000001F)
    __rt_lib_init_getenv_1                   0x080002eb   Thumb Code     0  libinit2.o(.ARM.Collect$$libinit$$00000023)
    __rt_lib_init_lc_numeric_1               0x080002eb   Thumb Code     0  libinit2.o(.ARM.Collect$$libinit$$00000017)
    __rt_lib_init_lc_time_1                  0x080002eb   Thumb Code     0  libinit2.o(.ARM.Collect$$libinit$$00000019)
    __rt_lib_init_return                     0x080002eb   Thumb Code     0  libinit2.o(.ARM.Collect$$libinit$$00000033)
    __rt_lib_init_signal_1                   0x080002eb   Thumb Code     0  libinit2.o(.ARM.Collect$$libinit$$0000001D)
    __rt_lib_init_stdio_1                    0x080002eb   Thumb Code     0  libinit2.o(.ARM.Collect$$libinit$$00000025)
    __rt_lib_shutdown                        0x080002ed   Thumb Code     0  libshutdown.o(.ARM.Collect$$libshutdown$$00000000)
    __rt_lib_shutdown_cpp_1                  0x080002ef   Thumb Code     0  libshutdown2.o(.ARM.Collect$$libshutdown$$00000002)
    __rt_lib_shutdown_fp_trap_1              0x080002ef   Thumb Code     0  libshutdown2.o(.ARM.Collect$$libshutdown$$00000007)
    __rt_lib_shutdown_heap_1                 0x080002ef   Thumb Code     0  libshutdown2.o(.ARM.Collect$$libshutdown$$0000000F)
    __rt_lib_shutdown_return                 0x080002ef   Thumb Code     0  libshutdown2.o(.ARM.Collect$$libshutdown$$00000010)
    __rt_lib_shutdown_signal_1               0x080002ef   Thumb Code     0  libshutdown2.o(.ARM.Collect$$libshutdown$$0000000A)
    __rt_lib_shutdown_stdio_1                0x080002ef   Thumb Code     0  libshutdown2.o(.ARM.Collect$$libshutdown$$00000004)
    __rt_lib_shutdown_user_alloc_1           0x080002ef   Thumb Code     0  libshutdown2.o(.ARM.Collect$$libshutdown$$0000000C)
    __rt_entry                               0x080002f1   Thumb Code     0  __rtentry.o(.ARM.Collect$$rtentry$$00000000)
    __rt_entry_presh_1                       0x080002f1   Thumb Code     0  __rtentry2.o(.ARM.Collect$$rtentry$$00000002)
    __rt_entry_sh                            0x080002f1   Thumb Code     0  __rtentry4.o(.ARM.Collect$$rtentry$$00000004)
    __rt_entry_li                            0x080002f7   Thumb Code     0  __rtentry2.o(.ARM.Collect$$rtentry$$0000000A)
    __rt_entry_postsh_1                      0x080002f7   Thumb Code     0  __rtentry2.o(.ARM.Collect$$rtentry$$00000009)
    __rt_entry_main                          0x080002fb   Thumb Code     0  __rtentry2.o(.ARM.Collect$$rtentry$$0000000D)
    __rt_entry_postli_1                      0x080002fb   Thumb Code     0  __rtentry2.o(.ARM.Collect$$rtentry$$0000000C)
    __rt_exit                                0x08000303   Thumb Code     0  rtexit.o(.ARM.Collect$$rtexit$$00000000)
    __rt_exit_ls                             0x08000305   Thumb Code     0  rtexit2.o(.ARM.Collect$$rtexit$$00000003)
    __rt_exit_prels_1                        0x08000305   Thumb Code     0  rtexit2.o(.ARM.Collect$$rtexit$$00000002)
    __rt_exit_exit                           0x08000309   Thumb Code     0  rtexit2.o(.ARM.Collect$$rtexit$$00000004)
    Reset_Handler                            0x08000311   Thumb Code     8  startup_stm32f446xx.o(.text)
    NMI_Handler                              0x08000319   Thumb Code     2  startup_stm32f446xx.o(.text)
    HardFault_Handler                        0x0800031b   Thumb Code     2  startup_stm32f446xx.o(.text)
    MemManage_Handler                        0x0800031d   Thumb Code     2  startup_stm32f446xx.o(.text)
    BusFault_Handler                         0x0800031f   Thumb Code     2  startup_stm32f446xx.o(.text)
    UsageFault_Handler                       0x08000321   Thumb Code     2  startup_stm32f446xx.o(.text)
    SVC_Handler                              0x08000323   Thumb Code     2  startup_stm32f446xx.o(.text)
    DebugMon_Handler                         0x08000325   Thumb Code     2  startup_stm32f446xx.o(.text)
    PendSV_Handler                           0x08000327   Thumb Code     2  startup_stm32f446xx.o(.text)
    ADC_IRQHandler                           0x0800032b   Thumb Code     0  startup_stm32f446xx.o(.text)
    CAN1_RX0_IRQHandler                      0x0800032b   Thumb Code     0  startup_stm32f446xx.o(.text)
    CAN1_RX1_IRQHandler                      0x0800032b   Thumb Code     0  startup_stm32f446xx.o(.text)
    CAN1_SCE_IRQHandler                      0x0800032b   Thumb Code     0  startup_stm32f446xx.o(.text)
    CAN1_TX_IRQHandler                       0x0800032b   Thumb Code     0  startup_stm32f446xx.o(.text)
    CAN2_RX0_IRQHandler                      0x0800032b   Thumb Code     0  startup_stm32f446xx.o(.text)
    CAN2_RX1_IRQHandler                      0x0800032b   Thumb Code     0  startup_stm32f446xx.o(.text)
    CAN2_SCE_IRQHandler                      0x0800032b   Thumb Code     0  startup_stm32f446xx.o(.text)
    CAN2_TX_IRQHandler                       0x0800032b   Thumb Code     0  startup_stm32f446xx.o(.text)
    CEC_IRQHandler                           0x0800032b   Thumb Code     0  startup_stm32f446xx.o(.text)
    DCMI_IRQHandler                          0x0800032b   Thumb Code     0  startup_stm32f446xx.o(.text)
    DMA1_Stream0_IRQHandler                  0x0800032b   Thumb Code     0  startup_stm32f446xx.o(.text)
    DMA1_Stream1_IRQHandler                  0x0800032b   Thumb Code     0  startup_stm32f446xx.o(.text)
    DMA1_Stream2_IRQHandler                  0x0800032b   Thumb Code     0  startup_stm32f446xx.o(.text)
    DMA1_Stream3_IRQHandler                  0x0800032b   Thumb Code     0  startup_stm32f446xx.o(.text)
    DMA1_Stream4_IRQHandler                  0x0800032b   Thumb Code     0  startup_stm32f446xx.o(.text)
    DMA1_Stream5_IRQHandler                  0x0800032b   Thumb Code     0  startup_stm32f446xx.o(.text)
    DMA1_Stream6_IRQHandler                  0x0800032b   Thumb Code     0  startup_stm32f446xx.o(.text)
    DMA1_Stream7_IRQHandler                  0x0800032b   Thumb Code     0  startup_stm32f446xx.o(.text)
    DMA2_Stream0_IRQHandler                  0x0800032b   Thumb Code     0  startup_stm32f446xx.o(.text)
    DMA2_Stream1_IRQHandler                  0x0800032b   Thumb Code     0  startup_stm32f446xx.o(.text)
    DMA2_Stream2_IRQHandler                  0x0800032b   Thumb Code     0  startup_stm32f446xx.o(.text)
    DMA2_Stream3_IRQHandler                  0x0800032b   Thumb Code     0  startup_stm32f446xx.o(.text)
    DMA2_Stream4_IRQHandler                  0x0800032b   Thumb Code     0  startup_stm32f446xx.o(.text)
    DMA2_Stream5_IRQHandler                  0x0800032b   Thumb Code     0  startup_stm32f446xx.o(.text)
    DMA2_Stream6_IRQHandler                  0x0800032b   Thumb Code     0  startup_stm32f446xx.o(.text)
    DMA2_Stream7_IRQHandler                  0x0800032b   Thumb Code     0  startup_stm32f446xx.o(.text)
    EXTI0_IRQHandler                         0x0800032b   Thumb Code     0  startup_stm32f446xx.o(.text)
    EXTI15_10_IRQHandler                     0x0800032b   Thumb Code     0  startup_stm32f446xx.o(.text)
    EXTI1_IRQHandler                         0x0800032b   Thumb Code     0  startup_stm32f446xx.o(.text)
    EXTI2_IRQHandler                         0x0800032b   Thumb Code     0  startup_stm32f446xx.o(.text)
    EXTI3_IRQHandler                         0x0800032b   Thumb Code     0  startup_stm32f446xx.o(.text)
    EXTI4_IRQHandler                         0x0800032b   Thumb Code     0  startup_stm32f446xx.o(.text)
    EXTI9_5_IRQHandler                       0x0800032b   Thumb Code     0  startup_stm32f446xx.o(.text)
    FLASH_IRQHandler                         0x0800032b   Thumb Code     0  startup_stm32f446xx.o(.text)
    FMC_IRQHandler                           0x0800032b   Thumb Code     0  startup_stm32f446xx.o(.text)
    FPU_IRQHandler                           0x0800032b   Thumb Code     0  startup_stm32f446xx.o(.text)
    I2C1_ER_IRQHandler                       0x0800032b   Thumb Code     0  startup_stm32f446xx.o(.text)
    I2C1_EV_IRQHandler                       0x0800032b   Thumb Code     0  startup_stm32f446xx.o(.text)
    I2C2_ER_IRQHandler                       0x0800032b   Thumb Code     0  startup_stm32f446xx.o(.text)
    I2C2_EV_IRQHandler                       0x0800032b   Thumb Code     0  startup_stm32f446xx.o(.text)
    I2C3_ER_IRQHandler                       0x0800032b   Thumb Code     0  startup_stm32f446xx.o(.text)
    I2C3_EV_IRQHandler                       0x0800032b   Thumb Code     0  startup_stm32f446xx.o(.text)
    I2C4_Error_IRQHandler                    0x0800032b   Thumb Code     0  startup_stm32f446xx.o(.text)
    I2C4_Event_IRQHandler                    0x0800032b   Thumb Code     0  startup_stm32f446xx.o(.text)
    OTG_FS_IRQHandler                        0x0800032b   Thumb Code     0  startup_stm32f446xx.o(.text)
    OTG_FS_WKUP_IRQHandler                   0x0800032b   Thumb Code     0  startup_stm32f446xx.o(.text)
    OTG_HS_EP1_IN_IRQHandler                 0x0800032b   Thumb Code     0  startup_stm32f446xx.o(.text)
    OTG_HS_EP1_OUT_IRQHandler                0x0800032b   Thumb Code     0  startup_stm32f446xx.o(.text)
    OTG_HS_IRQHandler                        0x0800032b   Thumb Code     0  startup_stm32f446xx.o(.text)
    OTG_HS_WKUP_IRQHandler                   0x0800032b   Thumb Code     0  startup_stm32f446xx.o(.text)
    PVD_IRQHandler                           0x0800032b   Thumb Code     0  startup_stm32f446xx.o(.text)
    QUADSPI_IRQHandler                       0x0800032b   Thumb Code     0  startup_stm32f446xx.o(.text)
    RCC_IRQHandler                           0x0800032b   Thumb Code     0  startup_stm32f446xx.o(.text)
    RTC_Alarm_IRQHandler                     0x0800032b   Thumb Code     0  startup_stm32f446xx.o(.text)
    RTC_WKUP_IRQHandler                      0x0800032b   Thumb Code     0  startup_stm32f446xx.o(.text)
    SAI1_IRQHandler                          0x0800032b   Thumb Code     0  startup_stm32f446xx.o(.text)
    SAI2_IRQHandler                          0x0800032b   Thumb Code     0  startup_stm32f446xx.o(.text)
    SDIO_IRQHandler                          0x0800032b   Thumb Code     0  startup_stm32f446xx.o(.text)
    SPDIF_RX_IRQHandler                      0x0800032b   Thumb Code     0  startup_stm32f446xx.o(.text)
    SPI1_IRQHandler                          0x0800032b   Thumb Code     0  startup_stm32f446xx.o(.text)
    SPI2_IRQHandler                          0x0800032b   Thumb Code     0  startup_stm32f446xx.o(.text)
    SPI3_IRQHandler                          0x0800032b   Thumb Code     0  startup_stm32f446xx.o(.text)
    SPI4_IRQHandler                          0x0800032b   Thumb Code     0  startup_stm32f446xx.o(.text)
    TAMP_STAMP_IRQHandler                    0x0800032b   Thumb Code     0  startup_stm32f446xx.o(.text)
    TIM1_BRK_TIM9_IRQHandler                 0x0800032b   Thumb Code     0  startup_stm32f446xx.o(.text)
    TIM1_CC_IRQHandler                       0x0800032b   Thumb Code     0  startup_stm32f446xx.o(.text)
    TIM1_TRG_COM_TIM11_IRQHandler            0x0800032b   Thumb Code     0  startup_stm32f446xx.o(.text)
    TIM1_UP_TIM10_IRQHandler                 0x0800032b   Thumb Code     0  startup_stm32f446xx.o(.text)
    TIM2_IRQHandler                          0x0800032b   Thumb Code     0  startup_stm32f446xx.o(.text)
    TIM3_IRQHandler                          0x0800032b   Thumb Code     0  startup_stm32f446xx.o(.text)
    TIM4_IRQHandler                          0x0800032b   Thumb Code     0  startup_stm32f446xx.o(.text)
    TIM5_IRQHandler                          0x0800032b   Thumb Code     0  startup_stm32f446xx.o(.text)
    TIM6_DAC_IRQHandler                      0x0800032b   Thumb Code     0  startup_stm32f446xx.o(.text)
    TIM7_IRQHandler                          0x0800032b   Thumb Code     0  startup_stm32f446xx.o(.text)
    TIM8_BRK_TIM12_IRQHandler                0x0800032b   Thumb Code     0  startup_stm32f446xx.o(.text)
    TIM8_CC_IRQHandler                       0x0800032b   Thumb Code     0  startup_stm32f446xx.o(.text)
    TIM8_TRG_COM_TIM14_IRQHandler            0x0800032b   Thumb Code     0  startup_stm32f446xx.o(.text)
    TIM8_UP_TIM13_IRQHandler                 0x0800032b   Thumb Code     0  startup_stm32f446xx.o(.text)
    UART4_IRQHandler                         0x0800032b   Thumb Code     0  startup_stm32f446xx.o(.text)
    UART5_IRQHandler                         0x0800032b   Thumb Code     0  startup_stm32f446xx.o(.text)
    USART1_IRQHandler                        0x0800032b   Thumb Code     0  startup_stm32f446xx.o(.text)
    USART2_IRQHandler                        0x0800032b   Thumb Code     0  startup_stm32f446xx.o(.text)
    USART3_IRQHandler                        0x0800032b   Thumb Code     0  startup_stm32f446xx.o(.text)
    USART6_IRQHandler                        0x0800032b   Thumb Code     0  startup_stm32f446xx.o(.text)
    WWDG_IRQHandler                          0x0800032b   Thumb Code     0  startup_stm32f446xx.o(.text)
    __user_initial_stackheap                 0x0800032d   Thumb Code     0  startup_stm32f446xx.o(.text)
    __aeabi_uldivmod                         0x08000351   Thumb Code     0  lludivv7m.o(.text)
    _ll_udiv                                 0x08000351   Thumb Code   238  lludivv7m.o(.text)
    vsprintf                                 0x08000441   Thumb Code    32  vsprintf.o(.text)
    strlen                                   0x08000465   Thumb Code    62  strlen.o(.text)
    __use_two_region_memory                  0x080004a3   Thumb Code     2  heapauxi.o(.text)
    __rt_heap_escrow$2region                 0x080004a5   Thumb Code     2  heapauxi.o(.text)
    __rt_heap_expand$2region                 0x080004a7   Thumb Code     2  heapauxi.o(.text)
    _printf_pre_padding                      0x080004a9   Thumb Code    44  _printf_pad.o(.text)
    _printf_post_padding                     0x080004d5   Thumb Code    34  _printf_pad.o(.text)
    _printf_truncate_signed                  0x080004f7   Thumb Code    18  _printf_truncate.o(.text)
    _printf_truncate_unsigned                0x08000509   Thumb Code    18  _printf_truncate.o(.text)
    _printf_str                              0x0800051b   Thumb Code    82  _printf_str.o(.text)
    _printf_int_dec                          0x0800056d   Thumb Code   104  _printf_dec.o(.text)
    _printf_charcount                        0x080005e5   Thumb Code    40  _printf_charcount.o(.text)
    _printf_char_common                      0x08000617   Thumb Code    32  _printf_char_common.o(.text)
    _sputc                                   0x0800063d   Thumb Code    10  _sputc.o(.text)
    _printf_wctomb                           0x08000649   Thumb Code   182  _printf_wctomb.o(.text)
    _printf_longlong_dec                     0x08000705   Thumb Code   108  _printf_longlong_dec.o(.text)
    _printf_longlong_oct                     0x08000781   Thumb Code    66  _printf_oct_int_ll.o(.text)
    _printf_int_oct                          0x080007c3   Thumb Code    24  _printf_oct_int_ll.o(.text)
    _printf_ll_oct                           0x080007db   Thumb Code    12  _printf_oct_int_ll.o(.text)
    _printf_longlong_hex                     0x080007f1   Thumb Code    86  _printf_hex_int_ll_ptr.o(.text)
    _printf_int_hex                          0x08000847   Thumb Code    28  _printf_hex_int_ll_ptr.o(.text)
    _printf_ll_hex                           0x08000863   Thumb Code    12  _printf_hex_int_ll_ptr.o(.text)
    _printf_hex_ptr                          0x0800086f   Thumb Code    18  _printf_hex_int_ll_ptr.o(.text)
    __printf                                 0x08000885   Thumb Code   388  __printf_flags_ss_wp.o(.text)
    _ll_udiv10                               0x08000a0d   Thumb Code   138  lludiv10.o(.text)
    _printf_int_common                       0x08000a97   Thumb Code   178  _printf_intcommon.o(.text)
    __lib_sel_fp_printf                      0x08000b49   Thumb Code     2  _printf_fp_dec.o(.text)
    _printf_fp_dec_real                      0x08000cfb   Thumb Code   620  _printf_fp_dec.o(.text)
    _printf_fp_hex_real                      0x08000f69   Thumb Code   756  _printf_fp_hex.o(.text)
    _printf_cs_common                        0x08001265   Thumb Code    20  _printf_char.o(.text)
    _printf_char                             0x08001279   Thumb Code    16  _printf_char.o(.text)
    _printf_string                           0x08001289   Thumb Code     8  _printf_char.o(.text)
    _printf_lcs_common                       0x08001291   Thumb Code    20  _printf_wchar.o(.text)
    _printf_wchar                            0x080012a5   Thumb Code    16  _printf_wchar.o(.text)
    _printf_wstring                          0x080012b5   Thumb Code     8  _printf_wchar.o(.text)
    _wcrtomb                                 0x080012bd   Thumb Code    64  _wcrtomb.o(.text)
    __user_setup_stackheap                   0x080012fd   Thumb Code    74  sys_stackheap_outer.o(.text)
    __rt_ctype_table                         0x08001349   Thumb Code    16  rt_ctype_table.o(.text)
    __rt_locale                              0x08001359   Thumb Code     8  rt_locale_intlibspace.o(.text)
    _printf_fp_infnan                        0x08001361   Thumb Code   112  _printf_fp_infnan.o(.text)
    _btod_etento                             0x080013e1   Thumb Code   224  bigflt0.o(.text)
    exit                                     0x080014c5   Thumb Code    18  exit.o(.text)
    __user_libspace                          0x080014d9   Thumb Code     8  libspace.o(.text)
    __user_perproc_libspace                  0x080014d9   Thumb Code     0  libspace.o(.text)
    __user_perthread_libspace                0x080014d9   Thumb Code     0  libspace.o(.text)
    strcmp                                   0x080014e1   Thumb Code   128  strcmpv7m.o(.text)
    _sys_exit                                0x08001561   Thumb Code     8  sys_exit.o(.text)
    __I$use$semihosting                      0x0800156d   Thumb Code     0  use_no_semi.o(.text)
    __use_no_semihosting_swi                 0x0800156d   Thumb Code     2  use_no_semi.o(.text)
    __semihosting_library_function           0x0800156f   Thumb Code     0  indicate_semi.o(.text)
    _btod_d2e                                0x0800156f   Thumb Code    62  btod.o(CL$$btod_d2e)
    _d2e_denorm_low                          0x080015ad   Thumb Code    70  btod.o(CL$$btod_d2e_denorm_low)
    _d2e_norm_op1                            0x080015f3   Thumb Code    96  btod.o(CL$$btod_d2e_norm_op1)
    __btod_div_common                        0x08001653   Thumb Code   696  btod.o(CL$$btod_div_common)
    _e2e                                     0x0800198b   Thumb Code   220  btod.o(CL$$btod_e2e)
    _btod_ediv                               0x08001a67   Thumb Code    42  btod.o(CL$$btod_ediv)
    _btod_emul                               0x08001a91   Thumb Code    42  btod.o(CL$$btod_emul)
    __btod_mult_common                       0x08001abb   Thumb Code   580  btod.o(CL$$btod_mult_common)
    HAL_Delay                                0x08001d01   Thumb Code    36  stm32f4xx_hal.o(i.HAL_Delay)
    HAL_GPIO_Init                            0x08001d29   Thumb Code   456  stm32f4xx_hal_gpio.o(i.HAL_GPIO_Init)
    HAL_GPIO_WritePin                        0x08001f19   Thumb Code    12  stm32f4xx_hal_gpio.o(i.HAL_GPIO_WritePin)
    HAL_GetTick                              0x08001f25   Thumb Code     6  stm32f4xx_hal.o(i.HAL_GetTick)
    HAL_I2C_Init                             0x08001f31   Thumb Code   286  stm32f4xx_hal_i2c.o(i.HAL_I2C_Init)
    HAL_I2C_Master_Transmit                  0x08002059   Thumb Code   396  stm32f4xx_hal_i2c.o(i.HAL_I2C_Master_Transmit)
    HAL_I2C_Mem_Read                         0x080021ed   Thumb Code   796  stm32f4xx_hal_i2c.o(i.HAL_I2C_Mem_Read)
    HAL_I2C_MspInit                          0x08002515   Thumb Code    80  stm32f4xx_hal_msp.o(i.HAL_I2C_MspInit)
    HAL_IncTick                              0x08002571   Thumb Code    16  stm32f4xx_hal.o(i.HAL_IncTick)
    HAL_Init                                 0x08002589   Thumb Code    54  stm32f4xx_hal.o(i.HAL_Init)
    HAL_InitTick                             0x080025c5   Thumb Code    64  stm32f4xx_hal.o(i.HAL_InitTick)
    HAL_MspInit                              0x08002611   Thumb Code    86  stm32f4xx_hal_msp.o(i.HAL_MspInit)
    HAL_NVIC_SetPriority                     0x08002667   Thumb Code   124  stm32f4xx_hal_cortex.o(i.HAL_NVIC_SetPriority)
    HAL_NVIC_SetPriorityGrouping             0x080026e5   Thumb Code    32  stm32f4xx_hal_cortex.o(i.HAL_NVIC_SetPriorityGrouping)
    HAL_RCC_ClockConfig                      0x0800270d   Thumb Code   366  stm32f4xx_hal_rcc.o(i.HAL_RCC_ClockConfig)
    HAL_RCC_GetHCLKFreq                      0x0800288d   Thumb Code     6  stm32f4xx_hal_rcc.o(i.HAL_RCC_GetHCLKFreq)
    HAL_RCC_GetPCLK1Freq                     0x08002899   Thumb Code    22  stm32f4xx_hal_rcc.o(i.HAL_RCC_GetPCLK1Freq)
    HAL_RCC_GetPCLK2Freq                     0x080028b9   Thumb Code    22  stm32f4xx_hal_rcc.o(i.HAL_RCC_GetPCLK2Freq)
    HAL_RCC_GetSysClockFreq                  0x080028d9   Thumb Code   266  stm32f4xx_hal_rcc_ex.o(i.HAL_RCC_GetSysClockFreq)
    HAL_RCC_OscConfig                        0x080029f1   Thumb Code  1142  stm32f4xx_hal_rcc_ex.o(i.HAL_RCC_OscConfig)
    HAL_SYSTICK_CLKSourceConfig              0x08002e71   Thumb Code    40  stm32f4xx_hal_cortex.o(i.HAL_SYSTICK_CLKSourceConfig)
    HAL_SYSTICK_Callback                     0x08002e99   Thumb Code     2  stm32f4xx_hal_cortex.o(i.HAL_SYSTICK_Callback)
    HAL_SYSTICK_Config                       0x08002e9b   Thumb Code    52  stm32f4xx_hal_cortex.o(i.HAL_SYSTICK_Config)
    HAL_SYSTICK_IRQHandler                   0x08002ecf   Thumb Code     8  stm32f4xx_hal_cortex.o(i.HAL_SYSTICK_IRQHandler)
    HAL_UART_Init                            0x08002ed7   Thumb Code   114  stm32f4xx_hal_uart.o(i.HAL_UART_Init)
    HAL_UART_MspInit                         0x08002f49   Thumb Code   148  stm32f4xx_hal_msp.o(i.HAL_UART_MspInit)
    HAL_UART_Transmit                        0x08002ff1   Thumb Code   214  stm32f4xx_hal_uart.o(i.HAL_UART_Transmit)
    SysTick_Handler                          0x080036ad   Thumb Code    12  stm32f4xx_it.o(i.SysTick_Handler)
    SystemClock_Config                       0x080036b9   Thumb Code   200  main.o(i.SystemClock_Config)
    SystemInit                               0x08003791   Thumb Code    82  system_stm32f4xx.o(i.SystemInit)
    _Error_Handler                           0x08003bc9   Thumb Code     4  main.o(i._Error_Handler)
    __ARM_fpclassify                         0x08003bcd   Thumb Code    48  fpclassify.o(i.__ARM_fpclassify)
    _is_digit                                0x08003c35   Thumb Code    14  __printf_wp.o(i._is_digit)
    main                                     0x08003c45   Thumb Code    56  main.o(i.main)
    my_printf                                0x08003c9d   Thumb Code    30  my_printf.o(i.my_printf)
    tmp102_conf_consecutive_fault_count      0x08003cbb   Thumb Code    12  tmp_102.o(i.tmp102_conf_consecutive_fault_count)
    tmp102_conf_conversion_rate              0x08003cc7   Thumb Code    14  tmp_102.o(i.tmp102_conf_conversion_rate)
    tmp102_conf_converter_resolution         0x08003cd5   Thumb Code    14  tmp_102.o(i.tmp102_conf_converter_resolution)
    tmp102_conf_extended_mode                0x08003ce3   Thumb Code    22  tmp_102.o(i.tmp102_conf_extended_mode)
    tmp102_conf_os_mode                      0x08003cf9   Thumb Code    22  tmp_102.o(i.tmp102_conf_os_mode)
    tmp102_conf_polarity_mode                0x08003d0f   Thumb Code    26  tmp_102.o(i.tmp102_conf_polarity_mode)
    tmp102_conf_shutdown_mode                0x08003d29   Thumb Code    24  tmp_102.o(i.tmp102_conf_shutdown_mode)
    tmp102_conf_thermostat_mode              0x08003d41   Thumb Code    26  tmp_102.o(i.tmp102_conf_thermostat_mode)
    tmp102_init                              0x08003d5b   Thumb Code   122  tmp_102.o(i.tmp102_init)
    tmp102_read                              0x08003dd5   Thumb Code    32  tmp_102.o(i.tmp102_read)
    tmp102_temperature_read                  0x08003df5   Thumb Code   178  tmp_102.o(i.tmp102_temperature_read)
    tmp102_tlow_and_thigh_set                0x08003eb1   Thumb Code   102  tmp_102.o(i.tmp102_tlow_and_thigh_set)
    tmp102_write                             0x08003f17   Thumb Code    42  tmp_102.o(i.tmp102_write)
    twoComlementFunc                         0x08003f41   Thumb Code    72  tmp_102.o(i.twoComlementFunc)
    vprint                                   0x08003f89   Thumb Code    48  my_printf.o(i.vprint)
    _get_lc_numeric                          0x08003fb9   Thumb Code    44  lc_numeric_c.o(locale$$code)
    _get_lc_ctype                            0x08003fe5   Thumb Code    44  lc_ctype_c.o(locale$$code)
    __aeabi_d2uiz                            0x08004011   Thumb Code     0  dfixu.o(x$fpl$dfixu)
    _dfixu                                   0x08004011   Thumb Code    90  dfixu.o(x$fpl$dfixu)
    __aeabi_i2d                              0x0800406b   Thumb Code     0  dflt_clz.o(x$fpl$dflt)
    _dflt                                    0x0800406b   Thumb Code    46  dflt_clz.o(x$fpl$dflt)
    __aeabi_ui2d                             0x08004099   Thumb Code     0  dflt_clz.o(x$fpl$dfltu)
    _dfltu                                   0x08004099   Thumb Code    38  dflt_clz.o(x$fpl$dfltu)
    __aeabi_dmul                             0x080040c1   Thumb Code     0  dmul.o(x$fpl$dmul)
    _dmul                                    0x080040c1   Thumb Code   332  dmul.o(x$fpl$dmul)
    __fpl_dnaninf                            0x08004215   Thumb Code   156  dnaninf.o(x$fpl$dnaninf)
    __fpl_dretinf                            0x080042b1   Thumb Code    12  dretinf.o(x$fpl$dretinf)
    _fp_init                                 0x080042bd   Thumb Code    10  fpinit.o(x$fpl$fpinit)
    __fplib_config_fpu_vfp                   0x080042c5   Thumb Code     0  fpinit.o(x$fpl$fpinit)
    __fplib_config_pureend_doubles           0x080042c5   Thumb Code     0  fpinit.o(x$fpl$fpinit)
    _printf_fp_dec                           0x080042c7   Thumb Code     4  printf1.o(x$fpl$printf1)
    _printf_fp_hex                           0x080042cb   Thumb Code     4  printf2.o(x$fpl$printf2)
    AHBPrescTable                            0x080042ce   Data          16  system_stm32f4xx.o(.constdata)
    __I$use$fp                               0x080042ce   Number         0  usenofp.o(x$fpl$usenofp)
    APBPrescTable                            0x080042de   Data           8  system_stm32f4xx.o(.constdata)
    Region$$Table$$Base                      0x080043e4   Number         0  anon$$obj.o(Region$$Table)
    Region$$Table$$Limit                     0x08004404   Number         0  anon$$obj.o(Region$$Table)
    __ctype                                  0x0800442d   Data           0  lc_ctype_c.o(locale$$data)
    tmp102_conf_reg                          0x20000000   Data           2  main.o(.data)
    temper_res                               0x20000008   Data           8  main.o(.data)
    uwTick                                   0x20000010   Data           4  stm32f4xx_hal.o(.data)
    uwTickPrio                               0x20000014   Data           4  stm32f4xx_hal.o(.data)
    uwTickFreq                               0x20000018   Data           1  stm32f4xx_hal.o(.data)
    SystemCoreClock                          0x2000001c   Data           4  system_stm32f4xx.o(.data)
    hi2c1                                    0x20000020   Data          84  main.o(.bss)
    huart2                                   0x20000074   Data          64  main.o(.bss)
    huart3                                   0x200000b4   Data          64  main.o(.bss)
    __libspace_start                         0x200000f4   Data          96  libspace.o(.bss)
    __temporary_stack_top$libspace           0x20000154   Data           0  libspace.o(.bss)



==============================================================================

Memory Map of the image

  Image Entry point : 0x080001c5

  Load Region LR_IROM1 (Base: 0x08000000, Size: 0x00004550, Max: 0x00080000, ABSOLUTE)

    Execution Region ER_IROM1 (Exec base: 0x08000000, Load base: 0x08000000, Size: 0x00004530, Max: 0x00080000, ABSOLUTE)

    Exec Addr    Load Addr    Size         Type   Attr      Idx    E Section Name        Object

    0x08000000   0x08000000   0x000001c4   Data   RO         2444    RESET               startup_stm32f446xx.o
    0x080001c4   0x080001c4   0x00000008   Code   RO         2496  * !!!main             c_w.l(__main.o)
    0x080001cc   0x080001cc   0x00000034   Code   RO         2843    !!!scatter          c_w.l(__scatter.o)
    0x08000200   0x08000200   0x0000001a   Code   RO         2845    !!handler_copy      c_w.l(__scatter_copy.o)
    0x0800021a   0x0800021a   0x00000002   PAD
    0x0800021c   0x0800021c   0x0000001c   Code   RO         2847    !!handler_zi        c_w.l(__scatter_zi.o)
    0x08000238   0x08000238   0x00000000   Code   RO         2596    .ARM.Collect$$_printf_percent$$00000000  c_w.l(_printf_percent.o)
    0x08000238   0x08000238   0x00000006   Code   RO         2585    .ARM.Collect$$_printf_percent$$00000001  c_w.l(_printf_n.o)
    0x0800023e   0x0800023e   0x00000006   Code   RO         2587    .ARM.Collect$$_printf_percent$$00000002  c_w.l(_printf_p.o)
    0x08000244   0x08000244   0x00000006   Code   RO         2592    .ARM.Collect$$_printf_percent$$00000003  c_w.l(_printf_f.o)
    0x0800024a   0x0800024a   0x00000006   Code   RO         2593    .ARM.Collect$$_printf_percent$$00000004  c_w.l(_printf_e.o)
    0x08000250   0x08000250   0x00000006   Code   RO         2594    .ARM.Collect$$_printf_percent$$00000005  c_w.l(_printf_g.o)
    0x08000256   0x08000256   0x00000006   Code   RO         2595    .ARM.Collect$$_printf_percent$$00000006  c_w.l(_printf_a.o)
    0x0800025c   0x0800025c   0x0000000a   Code   RO         2600    .ARM.Collect$$_printf_percent$$00000007  c_w.l(_printf_ll.o)
    0x08000266   0x08000266   0x00000006   Code   RO         2589    .ARM.Collect$$_printf_percent$$00000008  c_w.l(_printf_i.o)
    0x0800026c   0x0800026c   0x00000006   Code   RO         2590    .ARM.Collect$$_printf_percent$$00000009  c_w.l(_printf_d.o)
    0x08000272   0x08000272   0x00000006   Code   RO         2591    .ARM.Collect$$_printf_percent$$0000000A  c_w.l(_printf_u.o)
    0x08000278   0x08000278   0x00000006   Code   RO         2588    .ARM.Collect$$_printf_percent$$0000000B  c_w.l(_printf_o.o)
    0x0800027e   0x0800027e   0x00000006   Code   RO         2586    .ARM.Collect$$_printf_percent$$0000000C  c_w.l(_printf_x.o)
    0x08000284   0x08000284   0x00000006   Code   RO         2597    .ARM.Collect$$_printf_percent$$0000000D  c_w.l(_printf_lli.o)
    0x0800028a   0x0800028a   0x00000006   Code   RO         2598    .ARM.Collect$$_printf_percent$$0000000E  c_w.l(_printf_lld.o)
    0x08000290   0x08000290   0x00000006   Code   RO         2599    .ARM.Collect$$_printf_percent$$0000000F  c_w.l(_printf_llu.o)
    0x08000296   0x08000296   0x00000006   Code   RO         2604    .ARM.Collect$$_printf_percent$$00000010  c_w.l(_printf_llo.o)
    0x0800029c   0x0800029c   0x00000006   Code   RO         2605    .ARM.Collect$$_printf_percent$$00000011  c_w.l(_printf_llx.o)
    0x080002a2   0x080002a2   0x0000000a   Code   RO         2601    .ARM.Collect$$_printf_percent$$00000012  c_w.l(_printf_l.o)
    0x080002ac   0x080002ac   0x00000006   Code   RO         2583    .ARM.Collect$$_printf_percent$$00000013  c_w.l(_printf_c.o)
    0x080002b2   0x080002b2   0x00000006   Code   RO         2584    .ARM.Collect$$_printf_percent$$00000014  c_w.l(_printf_s.o)
    0x080002b8   0x080002b8   0x00000006   Code   RO         2602    .ARM.Collect$$_printf_percent$$00000015  c_w.l(_printf_lc.o)
    0x080002be   0x080002be   0x00000006   Code   RO         2603    .ARM.Collect$$_printf_percent$$00000016  c_w.l(_printf_ls.o)
    0x080002c4   0x080002c4   0x00000004   Code   RO         2651    .ARM.Collect$$_printf_percent$$00000017  c_w.l(_printf_percent_end.o)
    0x080002c8   0x080002c8   0x00000002   Code   RO         2704    .ARM.Collect$$libinit$$00000000  c_w.l(libinit.o)
    0x080002ca   0x080002ca   0x00000004   Code   RO         2725    .ARM.Collect$$libinit$$00000001  c_w.l(libinit2.o)
    0x080002ce   0x080002ce   0x00000000   Code   RO         2728    .ARM.Collect$$libinit$$00000004  c_w.l(libinit2.o)
    0x080002ce   0x080002ce   0x00000000   Code   RO         2731    .ARM.Collect$$libinit$$0000000A  c_w.l(libinit2.o)
    0x080002ce   0x080002ce   0x00000000   Code   RO         2733    .ARM.Collect$$libinit$$0000000C  c_w.l(libinit2.o)
    0x080002ce   0x080002ce   0x00000000   Code   RO         2735    .ARM.Collect$$libinit$$0000000E  c_w.l(libinit2.o)
    0x080002ce   0x080002ce   0x00000006   Code   RO         2736    .ARM.Collect$$libinit$$0000000F  c_w.l(libinit2.o)
    0x080002d4   0x080002d4   0x00000000   Code   RO         2738    .ARM.Collect$$libinit$$00000011  c_w.l(libinit2.o)
    0x080002d4   0x080002d4   0x0000000c   Code   RO         2739    .ARM.Collect$$libinit$$00000012  c_w.l(libinit2.o)
    0x080002e0   0x080002e0   0x00000000   Code   RO         2740    .ARM.Collect$$libinit$$00000013  c_w.l(libinit2.o)
    0x080002e0   0x080002e0   0x00000000   Code   RO         2742    .ARM.Collect$$libinit$$00000015  c_w.l(libinit2.o)
    0x080002e0   0x080002e0   0x0000000a   Code   RO         2743    .ARM.Collect$$libinit$$00000016  c_w.l(libinit2.o)
    0x080002ea   0x080002ea   0x00000000   Code   RO         2744    .ARM.Collect$$libinit$$00000017  c_w.l(libinit2.o)
    0x080002ea   0x080002ea   0x00000000   Code   RO         2746    .ARM.Collect$$libinit$$00000019  c_w.l(libinit2.o)
    0x080002ea   0x080002ea   0x00000000   Code   RO         2748    .ARM.Collect$$libinit$$0000001B  c_w.l(libinit2.o)
    0x080002ea   0x080002ea   0x00000000   Code   RO         2750    .ARM.Collect$$libinit$$0000001D  c_w.l(libinit2.o)
    0x080002ea   0x080002ea   0x00000000   Code   RO         2752    .ARM.Collect$$libinit$$0000001F  c_w.l(libinit2.o)
    0x080002ea   0x080002ea   0x00000000   Code   RO         2754    .ARM.Collect$$libinit$$00000021  c_w.l(libinit2.o)
    0x080002ea   0x080002ea   0x00000000   Code   RO         2756    .ARM.Collect$$libinit$$00000023  c_w.l(libinit2.o)
    0x080002ea   0x080002ea   0x00000000   Code   RO         2758    .ARM.Collect$$libinit$$00000025  c_w.l(libinit2.o)
    0x080002ea   0x080002ea   0x00000000   Code   RO         2762    .ARM.Collect$$libinit$$0000002C  c_w.l(libinit2.o)
    0x080002ea   0x080002ea   0x00000000   Code   RO         2764    .ARM.Collect$$libinit$$0000002E  c_w.l(libinit2.o)
    0x080002ea   0x080002ea   0x00000000   Code   RO         2766    .ARM.Collect$$libinit$$00000030  c_w.l(libinit2.o)
    0x080002ea   0x080002ea   0x00000000   Code   RO         2768    .ARM.Collect$$libinit$$00000032  c_w.l(libinit2.o)
    0x080002ea   0x080002ea   0x00000002   Code   RO         2769    .ARM.Collect$$libinit$$00000033  c_w.l(libinit2.o)
    0x080002ec   0x080002ec   0x00000002   Code   RO         2800    .ARM.Collect$$libshutdown$$00000000  c_w.l(libshutdown.o)
    0x080002ee   0x080002ee   0x00000000   Code   RO         2826    .ARM.Collect$$libshutdown$$00000002  c_w.l(libshutdown2.o)
    0x080002ee   0x080002ee   0x00000000   Code   RO         2828    .ARM.Collect$$libshutdown$$00000004  c_w.l(libshutdown2.o)
    0x080002ee   0x080002ee   0x00000000   Code   RO         2831    .ARM.Collect$$libshutdown$$00000007  c_w.l(libshutdown2.o)
    0x080002ee   0x080002ee   0x00000000   Code   RO         2834    .ARM.Collect$$libshutdown$$0000000A  c_w.l(libshutdown2.o)
    0x080002ee   0x080002ee   0x00000000   Code   RO         2836    .ARM.Collect$$libshutdown$$0000000C  c_w.l(libshutdown2.o)
    0x080002ee   0x080002ee   0x00000000   Code   RO         2839    .ARM.Collect$$libshutdown$$0000000F  c_w.l(libshutdown2.o)
    0x080002ee   0x080002ee   0x00000002   Code   RO         2840    .ARM.Collect$$libshutdown$$00000010  c_w.l(libshutdown2.o)
    0x080002f0   0x080002f0   0x00000000   Code   RO         2510    .ARM.Collect$$rtentry$$00000000  c_w.l(__rtentry.o)
    0x080002f0   0x080002f0   0x00000000   Code   RO         2620    .ARM.Collect$$rtentry$$00000002  c_w.l(__rtentry2.o)
    0x080002f0   0x080002f0   0x00000006   Code   RO         2632    .ARM.Collect$$rtentry$$00000004  c_w.l(__rtentry4.o)
    0x080002f6   0x080002f6   0x00000000   Code   RO         2622    .ARM.Collect$$rtentry$$00000009  c_w.l(__rtentry2.o)
    0x080002f6   0x080002f6   0x00000004   Code   RO         2623    .ARM.Collect$$rtentry$$0000000A  c_w.l(__rtentry2.o)
    0x080002fa   0x080002fa   0x00000000   Code   RO         2625    .ARM.Collect$$rtentry$$0000000C  c_w.l(__rtentry2.o)
    0x080002fa   0x080002fa   0x00000008   Code   RO         2626    .ARM.Collect$$rtentry$$0000000D  c_w.l(__rtentry2.o)
    0x08000302   0x08000302   0x00000002   Code   RO         2712    .ARM.Collect$$rtexit$$00000000  c_w.l(rtexit.o)
    0x08000304   0x08000304   0x00000000   Code   RO         2773    .ARM.Collect$$rtexit$$00000002  c_w.l(rtexit2.o)
    0x08000304   0x08000304   0x00000004   Code   RO         2774    .ARM.Collect$$rtexit$$00000003  c_w.l(rtexit2.o)
    0x08000308   0x08000308   0x00000006   Code   RO         2775    .ARM.Collect$$rtexit$$00000004  c_w.l(rtexit2.o)
    0x0800030e   0x0800030e   0x00000002   PAD
    0x08000310   0x08000310   0x00000040   Code   RO         2445    .text               startup_stm32f446xx.o
    0x08000350   0x08000350   0x000000ee   Code   RO         2488    .text               c_w.l(lludivv7m.o)
    0x0800043e   0x0800043e   0x00000002   PAD
    0x08000440   0x08000440   0x00000024   Code   RO         2490    .text               c_w.l(vsprintf.o)
    0x08000464   0x08000464   0x0000003e   Code   RO         2492    .text               c_w.l(strlen.o)
    0x080004a2   0x080004a2   0x00000006   Code   RO         2494    .text               c_w.l(heapauxi.o)
    0x080004a8   0x080004a8   0x0000004e   Code   RO         2517    .text               c_w.l(_printf_pad.o)
    0x080004f6   0x080004f6   0x00000024   Code   RO         2519    .text               c_w.l(_printf_truncate.o)
    0x0800051a   0x0800051a   0x00000052   Code   RO         2521    .text               c_w.l(_printf_str.o)
    0x0800056c   0x0800056c   0x00000078   Code   RO         2523    .text               c_w.l(_printf_dec.o)
    0x080005e4   0x080005e4   0x00000028   Code   RO         2525    .text               c_w.l(_printf_charcount.o)
    0x0800060c   0x0800060c   0x00000030   Code   RO         2527    .text               c_w.l(_printf_char_common.o)
    0x0800063c   0x0800063c   0x0000000a   Code   RO         2529    .text               c_w.l(_sputc.o)
    0x08000646   0x08000646   0x00000002   PAD
    0x08000648   0x08000648   0x000000bc   Code   RO         2531    .text               c_w.l(_printf_wctomb.o)
    0x08000704   0x08000704   0x0000007c   Code   RO         2534    .text               c_w.l(_printf_longlong_dec.o)
    0x08000780   0x08000780   0x00000070   Code   RO         2540    .text               c_w.l(_printf_oct_int_ll.o)
    0x080007f0   0x080007f0   0x00000094   Code   RO         2560    .text               c_w.l(_printf_hex_int_ll_ptr.o)
    0x08000884   0x08000884   0x00000188   Code   RO         2580    .text               c_w.l(__printf_flags_ss_wp.o)
    0x08000a0c   0x08000a0c   0x0000008a   Code   RO         2636    .text               c_w.l(lludiv10.o)
    0x08000a96   0x08000a96   0x000000b2   Code   RO         2638    .text               c_w.l(_printf_intcommon.o)
    0x08000b48   0x08000b48   0x0000041e   Code   RO         2640    .text               c_w.l(_printf_fp_dec.o)
    0x08000f66   0x08000f66   0x00000002   PAD
    0x08000f68   0x08000f68   0x000002fc   Code   RO         2642    .text               c_w.l(_printf_fp_hex.o)
    0x08001264   0x08001264   0x0000002c   Code   RO         2647    .text               c_w.l(_printf_char.o)
    0x08001290   0x08001290   0x0000002c   Code   RO         2649    .text               c_w.l(_printf_wchar.o)
    0x080012bc   0x080012bc   0x00000040   Code   RO         2652    .text               c_w.l(_wcrtomb.o)
    0x080012fc   0x080012fc   0x0000004a   Code   RO         2654    .text               c_w.l(sys_stackheap_outer.o)
    0x08001346   0x08001346   0x00000002   PAD
    0x08001348   0x08001348   0x00000010   Code   RO         2656    .text               c_w.l(rt_ctype_table.o)
    0x08001358   0x08001358   0x00000008   Code   RO         2661    .text               c_w.l(rt_locale_intlibspace.o)
    0x08001360   0x08001360   0x00000080   Code   RO         2663    .text               c_w.l(_printf_fp_infnan.o)
    0x080013e0   0x080013e0   0x000000e4   Code   RO         2665    .text               c_w.l(bigflt0.o)
    0x080014c4   0x080014c4   0x00000012   Code   RO         2693    .text               c_w.l(exit.o)
    0x080014d6   0x080014d6   0x00000002   PAD
    0x080014d8   0x080014d8   0x00000008   Code   RO         2709    .text               c_w.l(libspace.o)
    0x080014e0   0x080014e0   0x00000080   Code   RO         2723    .text               c_w.l(strcmpv7m.o)
    0x08001560   0x08001560   0x0000000c   Code   RO         2770    .text               c_w.l(sys_exit.o)
    0x0800156c   0x0800156c   0x00000002   Code   RO         2789    .text               c_w.l(use_no_semi.o)
    0x0800156e   0x0800156e   0x00000000   Code   RO         2791    .text               c_w.l(indicate_semi.o)
    0x0800156e   0x0800156e   0x0000003e   Code   RO         2668    CL$$btod_d2e        c_w.l(btod.o)
    0x080015ac   0x080015ac   0x00000046   Code   RO         2670    CL$$btod_d2e_denorm_low  c_w.l(btod.o)
    0x080015f2   0x080015f2   0x00000060   Code   RO         2669    CL$$btod_d2e_norm_op1  c_w.l(btod.o)
    0x08001652   0x08001652   0x00000338   Code   RO         2678    CL$$btod_div_common  c_w.l(btod.o)
    0x0800198a   0x0800198a   0x000000dc   Code   RO         2675    CL$$btod_e2e        c_w.l(btod.o)
    0x08001a66   0x08001a66   0x0000002a   Code   RO         2672    CL$$btod_ediv       c_w.l(btod.o)
    0x08001a90   0x08001a90   0x0000002a   Code   RO         2671    CL$$btod_emul       c_w.l(btod.o)
    0x08001aba   0x08001aba   0x00000244   Code   RO         2677    CL$$btod_mult_common  c_w.l(btod.o)
    0x08001cfe   0x08001cfe   0x00000002   PAD
    0x08001d00   0x08001d00   0x00000028   Code   RO          432    i.HAL_Delay         stm32f4xx_hal.o
    0x08001d28   0x08001d28   0x000001f0   Code   RO          902    i.HAL_GPIO_Init     stm32f4xx_hal_gpio.o
    0x08001f18   0x08001f18   0x0000000c   Code   RO          906    i.HAL_GPIO_WritePin  stm32f4xx_hal_gpio.o
    0x08001f24   0x08001f24   0x0000000c   Code   RO          438    i.HAL_GetTick       stm32f4xx_hal.o
    0x08001f30   0x08001f30   0x00000128   Code   RO          980    i.HAL_I2C_Init      stm32f4xx_hal_i2c.o
    0x08002058   0x08002058   0x00000194   Code   RO          991    i.HAL_I2C_Master_Transmit  stm32f4xx_hal_i2c.o
    0x080021ec   0x080021ec   0x00000328   Code   RO          996    i.HAL_I2C_Mem_Read  stm32f4xx_hal_i2c.o
    0x08002514   0x08002514   0x0000005c   Code   RO          182    i.HAL_I2C_MspInit   stm32f4xx_hal_msp.o
    0x08002570   0x08002570   0x00000018   Code   RO          442    i.HAL_IncTick       stm32f4xx_hal.o
    0x08002588   0x08002588   0x0000003c   Code   RO          443    i.HAL_Init          stm32f4xx_hal.o
    0x080025c4   0x080025c4   0x0000004c   Code   RO          444    i.HAL_InitTick      stm32f4xx_hal.o
    0x08002610   0x08002610   0x00000056   Code   RO          183    i.HAL_MspInit       stm32f4xx_hal_msp.o
    0x08002666   0x08002666   0x0000007c   Code   RO          611    i.HAL_NVIC_SetPriority  stm32f4xx_hal_cortex.o
    0x080026e2   0x080026e2   0x00000002   PAD
    0x080026e4   0x080026e4   0x00000028   Code   RO          612    i.HAL_NVIC_SetPriorityGrouping  stm32f4xx_hal_cortex.o
    0x0800270c   0x0800270c   0x00000180   Code   RO         1641    i.HAL_RCC_ClockConfig  stm32f4xx_hal_rcc.o
    0x0800288c   0x0800288c   0x0000000c   Code   RO         1646    i.HAL_RCC_GetHCLKFreq  stm32f4xx_hal_rcc.o
    0x08002898   0x08002898   0x00000020   Code   RO         1648    i.HAL_RCC_GetPCLK1Freq  stm32f4xx_hal_rcc.o
    0x080028b8   0x080028b8   0x00000020   Code   RO         1649    i.HAL_RCC_GetPCLK2Freq  stm32f4xx_hal_rcc.o
    0x080028d8   0x080028d8   0x00000118   Code   RO         1756    i.HAL_RCC_GetSysClockFreq  stm32f4xx_hal_rcc_ex.o
    0x080029f0   0x080029f0   0x00000480   Code   RO         1757    i.HAL_RCC_OscConfig  stm32f4xx_hal_rcc_ex.o
    0x08002e70   0x08002e70   0x00000028   Code   RO          614    i.HAL_SYSTICK_CLKSourceConfig  stm32f4xx_hal_cortex.o
    0x08002e98   0x08002e98   0x00000002   Code   RO          615    i.HAL_SYSTICK_Callback  stm32f4xx_hal_cortex.o
    0x08002e9a   0x08002e9a   0x00000034   Code   RO          616    i.HAL_SYSTICK_Config  stm32f4xx_hal_cortex.o
    0x08002ece   0x08002ece   0x00000008   Code   RO          617    i.HAL_SYSTICK_IRQHandler  stm32f4xx_hal_cortex.o
    0x08002ed6   0x08002ed6   0x00000072   Code   RO         1865    i.HAL_UART_Init     stm32f4xx_hal_uart.o
    0x08002f48   0x08002f48   0x000000a8   Code   RO          185    i.HAL_UART_MspInit  stm32f4xx_hal_msp.o
    0x08002ff0   0x08002ff0   0x000000d6   Code   RO         1873    i.HAL_UART_Transmit  stm32f4xx_hal_uart.o
    0x080030c6   0x080030c6   0x00000034   Code   RO         1018    i.I2C_IsAcknowledgeFailed  stm32f4xx_hal_i2c.o
    0x080030fa   0x080030fa   0x00000002   PAD
    0x080030fc   0x080030fc   0x000000c0   Code   RO         1022    i.I2C_MasterRequestWrite  stm32f4xx_hal_i2c.o
    0x080031bc   0x080031bc   0x00000158   Code   RO         1028    i.I2C_RequestMemoryRead  stm32f4xx_hal_i2c.o
    0x08003314   0x08003314   0x00000056   Code   RO         1037    i.I2C_WaitOnBTFFlagUntilTimeout  stm32f4xx_hal_i2c.o
    0x0800336a   0x0800336a   0x0000007c   Code   RO         1038    i.I2C_WaitOnFlagUntilTimeout  stm32f4xx_hal_i2c.o
    0x080033e6   0x080033e6   0x000000ac   Code   RO         1039    i.I2C_WaitOnMasterAddressFlagUntilTimeout  stm32f4xx_hal_i2c.o
    0x08003492   0x08003492   0x0000006e   Code   RO         1040    i.I2C_WaitOnRXNEFlagUntilTimeout  stm32f4xx_hal_i2c.o
    0x08003500   0x08003500   0x00000056   Code   RO         1042    i.I2C_WaitOnTXEFlagUntilTimeout  stm32f4xx_hal_i2c.o
    0x08003556   0x08003556   0x00000002   PAD
    0x08003558   0x08003558   0x000000c8   Code   RO            4    i.MX_GPIO_Init      main.o
    0x08003620   0x08003620   0x00000048   Code   RO            5    i.MX_I2C1_Init      main.o
    0x08003668   0x08003668   0x00000044   Code   RO            7    i.MX_USART3_UART_Init  main.o
    0x080036ac   0x080036ac   0x0000000c   Code   RO          233    i.SysTick_Handler   stm32f4xx_it.o
    0x080036b8   0x080036b8   0x000000d8   Code   RO            8    i.SystemClock_Config  main.o
    0x08003790   0x08003790   0x00000064   Code   RO         2453    i.SystemInit        system_stm32f4xx.o
    0x080037f4   0x080037f4   0x00000368   Code   RO         1892    i.UART_SetConfig    stm32f4xx_hal_uart.o
    0x08003b5c   0x08003b5c   0x0000006c   Code   RO         1894    i.UART_WaitOnFlagUntilTimeout  stm32f4xx_hal_uart.o
    0x08003bc8   0x08003bc8   0x00000004   Code   RO            9    i._Error_Handler    main.o
    0x08003bcc   0x08003bcc   0x00000030   Code   RO         2707    i.__ARM_fpclassify  m_wm.l(fpclassify.o)
    0x08003bfc   0x08003bfc   0x00000010   Code   RO          618    i.__NVIC_GetPriorityGrouping  stm32f4xx_hal_cortex.o
    0x08003c0c   0x08003c0c   0x00000028   Code   RO          619    i.__NVIC_SetPriority  stm32f4xx_hal_cortex.o
    0x08003c34   0x08003c34   0x0000000e   Code   RO         2573    i._is_digit         c_w.l(__printf_wp.o)
    0x08003c42   0x08003c42   0x00000002   PAD
    0x08003c44   0x08003c44   0x00000058   Code   RO           10    i.main              main.o
    0x08003c9c   0x08003c9c   0x0000001e   Code   RO          392    i.my_printf         my_printf.o
    0x08003cba   0x08003cba   0x0000000c   Code   RO          262    i.tmp102_conf_consecutive_fault_count  tmp_102.o
    0x08003cc6   0x08003cc6   0x0000000e   Code   RO          263    i.tmp102_conf_conversion_rate  tmp_102.o
    0x08003cd4   0x08003cd4   0x0000000e   Code   RO          264    i.tmp102_conf_converter_resolution  tmp_102.o
    0x08003ce2   0x08003ce2   0x00000016   Code   RO          265    i.tmp102_conf_extended_mode  tmp_102.o
    0x08003cf8   0x08003cf8   0x00000016   Code   RO          266    i.tmp102_conf_os_mode  tmp_102.o
    0x08003d0e   0x08003d0e   0x0000001a   Code   RO          267    i.tmp102_conf_polarity_mode  tmp_102.o
    0x08003d28   0x08003d28   0x00000018   Code   RO          268    i.tmp102_conf_shutdown_mode  tmp_102.o
    0x08003d40   0x08003d40   0x0000001a   Code   RO          269    i.tmp102_conf_thermostat_mode  tmp_102.o
    0x08003d5a   0x08003d5a   0x0000007a   Code   RO          272    i.tmp102_init       tmp_102.o
    0x08003dd4   0x08003dd4   0x00000020   Code   RO          273    i.tmp102_read       tmp_102.o
    0x08003df4   0x08003df4   0x000000bc   Code   RO          274    i.tmp102_temperature_read  tmp_102.o
    0x08003eb0   0x08003eb0   0x00000066   Code   RO          275    i.tmp102_tlow_and_thigh_set  tmp_102.o
    0x08003f16   0x08003f16   0x0000002a   Code   RO          276    i.tmp102_write      tmp_102.o
    0x08003f40   0x08003f40   0x00000048   Code   RO          277    i.twoComlementFunc  tmp_102.o
    0x08003f88   0x08003f88   0x00000030   Code   RO          393    i.vprint            my_printf.o
    0x08003fb8   0x08003fb8   0x0000002c   Code   RO         2691    locale$$code        c_w.l(lc_numeric_c.o)
    0x08003fe4   0x08003fe4   0x0000002c   Code   RO         2717    locale$$code        c_w.l(lc_ctype_c.o)
    0x08004010   0x08004010   0x0000005a   Code   RO         2498    x$fpl$dfixu         fz_wm.l(dfixu.o)
    0x0800406a   0x0800406a   0x0000002e   Code   RO         2503    x$fpl$dflt          fz_wm.l(dflt_clz.o)
    0x08004098   0x08004098   0x00000026   Code   RO         2502    x$fpl$dfltu         fz_wm.l(dflt_clz.o)
    0x080040be   0x080040be   0x00000002   PAD
    0x080040c0   0x080040c0   0x00000154   Code   RO         2508    x$fpl$dmul          fz_wm.l(dmul.o)
    0x08004214   0x08004214   0x0000009c   Code   RO         2606    x$fpl$dnaninf       fz_wm.l(dnaninf.o)
    0x080042b0   0x080042b0   0x0000000c   Code   RO         2608    x$fpl$dretinf       fz_wm.l(dretinf.o)
    0x080042bc   0x080042bc   0x0000000a   Code   RO         2785    x$fpl$fpinit        fz_wm.l(fpinit.o)
    0x080042c6   0x080042c6   0x00000004   Code   RO         2610    x$fpl$printf1       fz_wm.l(printf1.o)
    0x080042ca   0x080042ca   0x00000004   Code   RO         2612    x$fpl$printf2       fz_wm.l(printf2.o)
    0x080042ce   0x080042ce   0x00000000   Code   RO         2618    x$fpl$usenofp       fz_wm.l(usenofp.o)
    0x080042ce   0x080042ce   0x00000018   Data   RO         2454    .constdata          system_stm32f4xx.o
    0x080042e6   0x080042e6   0x00000002   PAD
    0x080042e8   0x080042e8   0x00000008   Data   RO         2532    .constdata          c_w.l(_printf_wctomb.o)
    0x080042f0   0x080042f0   0x00000028   Data   RO         2561    .constdata          c_w.l(_printf_hex_int_ll_ptr.o)
    0x08004318   0x08004318   0x00000011   Data   RO         2581    .constdata          c_w.l(__printf_flags_ss_wp.o)
    0x08004329   0x08004329   0x00000026   Data   RO         2643    .constdata          c_w.l(_printf_fp_hex.o)
    0x0800434f   0x0800434f   0x00000001   PAD
    0x08004350   0x08004350   0x00000094   Data   RO         2666    .constdata          c_w.l(bigflt0.o)
    0x080043e4   0x080043e4   0x00000020   Data   RO         2841    Region$$Table       anon$$obj.o
    0x08004404   0x08004404   0x0000001c   Data   RO         2690    locale$$data        c_w.l(lc_numeric_c.o)
    0x08004420   0x08004420   0x00000110   Data   RO         2716    locale$$data        c_w.l(lc_ctype_c.o)


    Execution Region RW_IRAM1 (Exec base: 0x20000000, Load base: 0x08004530, Size: 0x00000758, Max: 0x00020000, ABSOLUTE)

    Exec Addr    Load Addr    Size         Type   Attr      Idx    E Section Name        Object

    0x20000000   0x08004530   0x00000010   Data   RW           12    .data               main.o
    0x20000010   0x08004540   0x00000009   Data   RW          450    .data               stm32f4xx_hal.o
    0x20000019   0x08004549   0x00000003   PAD
    0x2000001c   0x0800454c   0x00000004   Data   RW         2455    .data               system_stm32f4xx.o
    0x20000020        -       0x000000d4   Zero   RW           11    .bss                main.o
    0x200000f4        -       0x00000060   Zero   RW         2710    .bss                c_w.l(libspace.o)
    0x20000154   0x08004550   0x00000004   PAD
    0x20000158        -       0x00000200   Zero   RW         2443    HEAP                startup_stm32f446xx.o
    0x20000358        -       0x00000400   Zero   RW         2442    STACK               startup_stm32f446xx.o


==============================================================================

Image component sizes


      Code (inc. data)   RO Data    RW Data    ZI Data      Debug   Object Name

       648        102          0         16        212     685774   main.o
        78          0          0          0          0       1869   my_printf.o
        64         26        452          0       1536        924   startup_stm32f446xx.o
       212         36          0          9          0       4965   stm32f4xx_hal.o
       322         22          0          0          0      35884   stm32f4xx_hal_cortex.o
       508         40          0          0          0       2588   stm32f4xx_hal_gpio.o
      2674         40          0          0          0      11996   stm32f4xx_hal_i2c.o
       346         32          0          0          0       2607   stm32f4xx_hal_msp.o
       460         44          0          0          0       3654   stm32f4xx_hal_rcc.o
      1432         40          0          0          0       2978   stm32f4xx_hal_rcc_ex.o
      1308          8          0          0          0       4096   stm32f4xx_hal_uart.o
        12          0          0          0          0        530   stm32f4xx_it.o
       100         18         24          4          0       1659   system_stm32f4xx.o
       718         10          0          0          0      10467   tmp_102.o

    ----------------------------------------------------------------------
      8888        418        510         32       1748     769991   Object Totals
         0          0         32          0          0          0   (incl. Generated)
         6          0          2          3          0          0   (incl. Padding)

    ----------------------------------------------------------------------

      Code (inc. data)   RO Data    RW Data    ZI Data      Debug   Library Member Name

         8          0          0          0          0         68   __main.o
       392          4         17          0          0         92   __printf_flags_ss_wp.o
        14          0          0          0          0         68   __printf_wp.o
         0          0          0          0          0          0   __rtentry.o
        12          0          0          0          0          0   __rtentry2.o
         6          0          0          0          0          0   __rtentry4.o
        52          8          0          0          0          0   __scatter.o
        26          0          0          0          0          0   __scatter_copy.o
        28          0          0          0          0          0   __scatter_zi.o
         6          0          0          0          0          0   _printf_a.o
         6          0          0          0          0          0   _printf_c.o
        44          0          0          0          0        108   _printf_char.o
        48          6          0          0          0         96   _printf_char_common.o
        40          0          0          0          0         68   _printf_charcount.o
         6          0          0          0          0          0   _printf_d.o
       120         16          0          0          0         92   _printf_dec.o
         6          0          0          0          0          0   _printf_e.o
         6          0          0          0          0          0   _printf_f.o
      1054          0          0          0          0        216   _printf_fp_dec.o
       764          8         38          0          0        100   _printf_fp_hex.o
       128         16          0          0          0         84   _printf_fp_infnan.o
         6          0          0          0          0          0   _printf_g.o
       148          4         40          0          0        160   _printf_hex_int_ll_ptr.o
         6          0          0          0          0          0   _printf_i.o
       178          0          0          0          0         88   _printf_intcommon.o
        10          0          0          0          0          0   _printf_l.o
         6          0          0          0          0          0   _printf_lc.o
        10          0          0          0          0          0   _printf_ll.o
         6          0          0          0          0          0   _printf_lld.o
         6          0          0          0          0          0   _printf_lli.o
         6          0          0          0          0          0   _printf_llo.o
         6          0          0          0          0          0   _printf_llu.o
         6          0          0          0          0          0   _printf_llx.o
       124         16          0          0          0         92   _printf_longlong_dec.o
         6          0          0          0          0          0   _printf_ls.o
         6          0          0          0          0          0   _printf_n.o
         6          0          0          0          0          0   _printf_o.o
       112         10          0          0          0        124   _printf_oct_int_ll.o
         6          0          0          0          0          0   _printf_p.o
        78          0          0          0          0        108   _printf_pad.o
         0          0          0          0          0          0   _printf_percent.o
         4          0          0          0          0          0   _printf_percent_end.o
         6          0          0          0          0          0   _printf_s.o
        82          0          0          0          0         80   _printf_str.o
        36          0          0          0          0         84   _printf_truncate.o
         6          0          0          0          0          0   _printf_u.o
        44          0          0          0          0        108   _printf_wchar.o
       188          6          8          0          0         92   _printf_wctomb.o
         6          0          0          0          0          0   _printf_x.o
        10          0          0          0          0         68   _sputc.o
        64          0          0          0          0         92   _wcrtomb.o
       228          4        148          0          0         96   bigflt0.o
      1936        128          0          0          0        672   btod.o
        18          0          0          0          0         80   exit.o
         6          0          0          0          0        152   heapauxi.o
         0          0          0          0          0          0   indicate_semi.o
        44         10        272          0          0         76   lc_ctype_c.o
        44         10         28          0          0         76   lc_numeric_c.o
         2          0          0          0          0          0   libinit.o
        34          0          0          0          0          0   libinit2.o
         2          0          0          0          0          0   libshutdown.o
         2          0          0          0          0          0   libshutdown2.o
         8          4          0          0         96         68   libspace.o
       138          0          0          0          0         80   lludiv10.o
       238          0          0          0          0        100   lludivv7m.o
        16          4          0          0          0         76   rt_ctype_table.o
         8          4          0          0          0         68   rt_locale_intlibspace.o
         2          0          0          0          0          0   rtexit.o
        10          0          0          0          0          0   rtexit2.o
       128          0          0          0          0         68   strcmpv7m.o
        62          0          0          0          0         76   strlen.o
        12          4          0          0          0         68   sys_exit.o
        74          0          0          0          0         80   sys_stackheap_outer.o
         2          0          0          0          0         68   use_no_semi.o
        36          4          0          0          0         76   vsprintf.o
        90          4          0          0          0        140   dfixu.o
        84          0          0          0          0        232   dflt_clz.o
       340         12          0          0          0        152   dmul.o
       156          4          0          0          0        140   dnaninf.o
        12          0          0          0          0        116   dretinf.o
        10          0          0          0          0        116   fpinit.o
         4          0          0          0          0        116   printf1.o
         4          0          0          0          0        116   printf2.o
         0          0          0          0          0          0   usenofp.o
        48          0          0          0          0        124   fpclassify.o

    ----------------------------------------------------------------------
      7762        286        552          0        100       5320   Library Totals
        20          0          1          0          4          0   (incl. Padding)

    ----------------------------------------------------------------------

      Code (inc. data)   RO Data    RW Data    ZI Data      Debug   Library Name

      6994        266        551          0         96       4068   c_w.l
       700         20          0          0          0       1128   fz_wm.l
        48          0          0          0          0        124   m_wm.l

    ----------------------------------------------------------------------
      7762        286        552          0        100       5320   Library Totals

    ----------------------------------------------------------------------

==============================================================================


      Code (inc. data)   RO Data    RW Data    ZI Data      Debug   

     16650        704       1062         32       1848     766427   Grand Totals
     16650        704       1062         32       1848     766427   ELF Image Totals
     16650        704       1062         32          0          0   ROM Totals

==============================================================================

    Total RO  Size (Code + RO Data)                17712 (  17.30kB)
    Total RW  Size (RW Data + ZI Data)              1880 (   1.84kB)
    Total ROM Size (Code + RO Data + RW Data)      17744 (  17.33kB)

==============================================================================

